/home/kzhang519/Zhiyu/runtime-team/FlagPerf/base/generate_toolkit_report.py:1441: SyntaxWarning: invalid escape sequence '\*'
  lines.append("\n\* 当前结果使用旧 manifest schema，带星号的测量状态由命令退出码、超时、metrics 和诊断状态确定性推导。")
test_capacity_fixed_value_no_longer_multiplies_or_relabels (test_evidence_runner.ArtifactTests.test_capacity_fixed_value_no_longer_multiplies_or_relabels) ... ok
test_capacity_keeps_each_chip_raw_and_records_scope (test_evidence_runner.ArtifactTests.test_capacity_keeps_each_chip_raw_and_records_scope) ... ok
test_case_preserves_measurement_status_before_diagnosis (test_evidence_runner.ArtifactTests.test_case_preserves_measurement_status_before_diagnosis) ... ok
test_command_record_preserves_streams_and_returncode (test_evidence_runner.ArtifactTests.test_command_record_preserves_streams_and_returncode) ... stderr
ok
test_compute_command_uses_extended_single_workload (test_evidence_runner.ArtifactTests.test_compute_command_uses_extended_single_workload) ... ok
test_compute_monitor_adds_one_unaggregated_extension (test_evidence_runner.ArtifactTests.test_compute_monitor_adds_one_unaggregated_extension) ... ok
test_compute_rejects_half_physical_npu_without_running_command (test_evidence_runner.ArtifactTests.test_compute_rejects_half_physical_npu_without_running_command) ... ok
test_compute_runs_once_per_complete_physical_npu_group (test_evidence_runner.ArtifactTests.test_compute_runs_once_per_complete_physical_npu_group) ... ok
test_default_d2d_case_records_raw_logical_device_scope (test_evidence_runner.ArtifactTests.test_default_d2d_case_records_raw_logical_device_scope) ... ok
test_emit_results_keeps_raw_d2d_values_without_multiplier (test_evidence_runner.ArtifactTests.test_emit_results_keeps_raw_d2d_values_without_multiplier) ... ok
test_explicit_commands_target_only_selected_device (test_evidence_runner.ArtifactTests.test_explicit_commands_target_only_selected_device) ... ok
test_fixed_position_probe_documents_layout_dependency (test_evidence_runner.ArtifactTests.test_fixed_position_probe_documents_layout_dependency) ... ok
test_hccs_bandwidth_parser_preserves_zero_and_raw_lexemes (test_evidence_runner.ArtifactTests.test_hccs_bandwidth_parser_preserves_zero_and_raw_lexemes) ... ok
test_hccs_monitor_counts_commands_not_link_rows (test_evidence_runner.ArtifactTests.test_hccs_monitor_counts_commands_not_link_rows) ... ok
test_p2p_explicit_selection_runs_each_unordered_pair_once (test_evidence_runner.ArtifactTests.test_p2p_explicit_selection_runs_each_unordered_pair_once) ... ok
test_single_selected_device_makes_p2p_partial (test_evidence_runner.ArtifactTests.test_single_selected_device_makes_p2p_partial) ... ok
test_sio_route_forces_monitor_partial_without_substitution (test_evidence_runner.ArtifactTests.test_sio_route_forces_monitor_partial_without_substitution) ... ok
test_topology_parser_preserves_sio_and_hccs_switch_routes (test_evidence_runner.ArtifactTests.test_topology_parser_preserves_sio_and_hccs_switch_routes) ... ok
test_default_pairs_and_sizes_for_selected_and_all_devices (test_evidence_runner.P2PDefaultTests.test_default_pairs_and_sizes_for_selected_and_all_devices) ... ok
test_explicit_size_override (test_evidence_runner.P2PDefaultTests.test_explicit_size_override) ... ok
test_bandwidth_json_does_not_parse_elapsed_time (test_evidence_runner.ParserTests.test_bandwidth_json_does_not_parse_elapsed_time) ... ok
test_bandwidth_uses_labelled_column (test_evidence_runner.ParserTests.test_bandwidth_uses_labelled_column) ... ok
test_byte_size_protocol (test_evidence_runner.ParserTests.test_byte_size_protocol) ... ok
test_capacity_preserves_npu_smi_mb_label (test_evidence_runner.ParserTests.test_capacity_preserves_npu_smi_mb_label) ... ok
test_compute_context_preserves_vendor_fields_without_derivation (test_evidence_runner.ParserTests.test_compute_context_preserves_vendor_fields_without_derivation) ... ok
test_compute_ignores_prepended_warning_and_blank_lines (test_evidence_runner.ParserTests.test_compute_ignores_prepended_warning_and_blank_lines) ... ok
test_compute_parses_dmi_26_1_json_shape (test_evidence_runner.ParserTests.test_compute_parses_dmi_26_1_json_shape) ... ok
test_compute_preserves_vendor_decimal_lexeme (test_evidence_runner.ParserTests.test_compute_preserves_vendor_decimal_lexeme) ... ok
test_d2h_bandwidth_keeps_protocol_context (test_evidence_runner.ParserTests.test_d2h_bandwidth_keeps_protocol_context) ... ok
test_diagnosis_threshold_gap_is_unsupported (test_evidence_runner.ParserTests.test_diagnosis_threshold_gap_is_unsupported) ... ok
test_fp16_real_26_1_output (test_evidence_runner.ParserTests.test_fp16_real_26_1_output) ... ok
test_hccl_parser_keeps_time_bandwidth_and_correctness (test_evidence_runner.ParserTests.test_hccl_parser_keeps_time_bandwidth_and_correctness) ... ok
test_health_separates_passed_result_from_lost_card_coverage (test_evidence_runner.ParserTests.test_health_separates_passed_result_from_lost_card_coverage) ... ok
test_int8_is_tops (test_evidence_runner.ParserTests.test_int8_is_tops) ... ok
test_json_field_order_does_not_matter (test_evidence_runner.ParserTests.test_json_field_order_does_not_matter) ... ok
test_latency_requires_explicit_ns_and_keeps_context (test_evidence_runner.ParserTests.test_latency_requires_explicit_ns_and_keeps_context) ... ok
test_latency_surfaces_structured_dmi_error_even_with_zero_rc (test_evidence_runner.ParserTests.test_latency_surfaces_structured_dmi_error_even_with_zero_rc) ... ok
test_malformed_and_non_finite_values_fail (test_evidence_runner.ParserTests.test_malformed_and_non_finite_values_fail) ... ok
test_npu_smi_usages_keeps_missing_field_partial (test_evidence_runner.ParserTests.test_npu_smi_usages_keeps_missing_field_partial) ... ok
test_npu_smi_usages_parses_two_chips_by_labels (test_evidence_runner.ParserTests.test_npu_smi_usages_parses_two_chips_by_labels) ... ok
test_p2p_fixture_is_a_complete_three_card_matrix (test_evidence_runner.ParserTests.test_p2p_fixture_is_a_complete_three_card_matrix) ... ok
test_p2p_keeps_direction_and_pairs (test_evidence_runner.ParserTests.test_p2p_keeps_direction_and_pairs) ... ok
test_p2p_pair_dmi_26_1_uses_only_largest_transfer_bandwidth (test_evidence_runner.ParserTests.test_p2p_pair_dmi_26_1_uses_only_largest_transfer_bandwidth) ... ok
test_p2p_pair_json_keeps_requested_order_without_reverse (test_evidence_runner.ParserTests.test_p2p_pair_json_keeps_requested_order_without_reverse) ... ok
test_real_diagnosis_failure_is_failed (test_evidence_runner.ParserTests.test_real_diagnosis_failure_is_failed) ... ok
test_structured_health_missing_requested_item_is_partial (test_evidence_runner.ParserTests.test_structured_health_missing_requested_item_is_partial) ... ok
test_structured_health_without_unsupported_notice_is_complete (test_evidence_runner.ParserTests.test_structured_health_without_unsupported_notice_is_complete) ... ok
test_degraded_report_without_manifest (test_generate_toolkit_report.ReportTests.test_degraded_report_without_manifest) ... ok
test_generation_is_deterministic (test_generate_toolkit_report.ReportTests.test_generation_is_deterministic) ... ok
test_generator_failure_preserves_experiment_status (test_generate_toolkit_report.ReportTests.test_generator_failure_preserves_experiment_status) ... ok
test_hccs_timeline_displays_raw_values_without_hover (test_generate_toolkit_report.ReportTests.test_hccs_timeline_displays_raw_values_without_hover) ... ok
test_many_distinct_errors_obey_inline_budget (test_generate_toolkit_report.ReportTests.test_many_distinct_errors_obey_inline_budget) ... ok
test_monitor_report_keeps_raw_dmi_and_renders_usage_timeline (test_generate_toolkit_report.ReportTests.test_monitor_report_keeps_raw_dmi_and_renders_usage_timeline) ... ok
test_monitor_rows_keep_invalid_samples_and_window_roles (test_generate_toolkit_report.ReportTests.test_monitor_rows_keep_invalid_samples_and_window_roles) ... ok
test_monitor_svg_keeps_twenty_one_visible_sample_columns (test_generate_toolkit_report.ReportTests.test_monitor_svg_keeps_twenty_one_visible_sample_columns) ... ok
test_new_latency_and_hccl_sections_and_assets (test_generate_toolkit_report.ReportTests.test_new_latency_and_hccl_sections_and_assets) ... ok
test_partial_explanation_uses_recorded_layer_status (test_generate_toolkit_report.ReportTests.test_partial_explanation_uses_recorded_layer_status) ... ok
test_partial_report_separates_measurement_and_diagnosis (test_generate_toolkit_report.ReportTests.test_partial_report_separates_measurement_and_diagnosis) ... ok
test_repeated_dmi_errors_are_grouped_once_with_raw_evidence_link (test_generate_toolkit_report.ReportTests.test_repeated_dmi_errors_are_grouped_once_with_raw_evidence_link) ... ok
test_schema_three_manifest_is_supported (test_generate_toolkit_report.ReportTests.test_schema_three_manifest_is_supported) ... ok
test_selected_device_report_uses_resolved_scope_and_all_values (test_generate_toolkit_report.ReportTests.test_selected_device_report_uses_resolved_scope_and_all_values) ... ok
test_short_error_is_not_rewritten (test_generate_toolkit_report.ReportTests.test_short_error_is_not_rewritten) ... ok
test_unknown_future_manifest_schema_is_rejected (test_generate_toolkit_report.ReportTests.test_unknown_future_manifest_schema_is_rejected) ... ok
test_inventory_must_match_nodes_and_npu_smi_map (test_host_preflight.HostPreflightTests.test_inventory_must_match_nodes_and_npu_smi_map) ... ok
test_legacy_cli_preserves_help_and_early_error_contract (test_host_preflight.HostPreflightTests.test_legacy_cli_preserves_help_and_early_error_contract) ... ok
test_parse_expected_device_ids (test_host_preflight.HostPreflightTests.test_parse_expected_device_ids) ... ok
test_parse_id_spec_accepts_ranges_and_rejects_ambiguity (test_host_preflight.HostPreflightTests.test_parse_id_spec_accepts_ranges_and_rejects_ambiguity) ... ok
test_parse_map_logic_ids_ignores_mcu_rows (test_host_preflight.HostPreflightTests.test_parse_map_logic_ids_ignores_mcu_rows) ... ok
test_parse_npu_processes_and_map_selected_devices (test_host_preflight.HostPreflightTests.test_parse_npu_processes_and_map_selected_devices) ... ok
test_resolve_physical_and_logical_selection (test_host_preflight.HostPreflightTests.test_resolve_physical_and_logical_selection) ... ok
test_run_preflight_archives_passed_inventory_and_occupancy (test_host_preflight.HostPreflightTests.test_run_preflight_archives_passed_inventory_and_occupancy) ... ok
test_run_preflight_checks_only_selected_devices_for_occupancy (test_host_preflight.HostPreflightTests.test_run_preflight_checks_only_selected_devices_for_occupancy) ... ok
test_run_preflight_fails_closed_and_preserves_summary (test_host_preflight.HostPreflightTests.test_run_preflight_fails_closed_and_preserves_summary) ... ok
test_run_preflight_rejects_npu_smi_process_missed_by_fuser (test_host_preflight.HostPreflightTests.test_run_preflight_rejects_npu_smi_process_missed_by_fuser) ... ok
test_cli_defaults_to_toolkit_and_rejects_removed_workload_suite (test_run_local.StaticArgumentTests.test_cli_defaults_to_toolkit_and_rejects_removed_workload_suite) ... ok
test_non_latency_toolkit_run_keeps_private_pid_namespace (test_run_local.StaticArgumentTests.test_non_latency_toolkit_run_keeps_private_pid_namespace) ... ok
test_p2p_latency_toolkit_shares_host_pid_namespace (test_run_local.StaticArgumentTests.test_p2p_latency_toolkit_shares_host_pid_namespace) ... ok
test_report_fallback_uses_current_schema_and_preserves_status (test_run_local.StaticArgumentTests.test_report_fallback_uses_current_schema_and_preserves_status) ... WARNING: toolkit Markdown report generation failed: fixture report failure
ok
test_selection_is_rejected_with_legacy_probe (test_run_local.StaticArgumentTests.test_selection_is_rejected_with_legacy_probe) ... ok
test_toolkit_accepts_each_selector_and_default_all (test_run_local.StaticArgumentTests.test_toolkit_accepts_each_selector_and_default_all) ... ok

----------------------------------------------------------------------
Ran 80 tests in 0.167s

OK
