finish initialization
start warmup
Init tensor size: 2 MiB...
Allocated: 2 MiB
Ascend allocation failed at 2 MiB; allocated=2 MiB; raw error: out of memory
Reduce tensor size to 1 MiB
Ascend allocation failed at 1 MiB; allocated=2 MiB; raw error: out of memory
Reached the 1 MiB allocation granularity, finish test.
Test Finished
Init tensor size: 2 MiB...
Allocated: 2 MiB
Ascend allocation failed at 2 MiB; allocated=2 MiB; raw error: out of memory
Reduce tensor size to 1 MiB
Ascend allocation failed at 1 MiB; allocated=2 MiB; raw error: out of memory
Reached the 1 MiB allocation granularity, finish test.
Test Finished
Ascend FP32 uses Torch-FL backend defaults; strict IEEE FP32 mode is not enforced
finish initialization
start warmup
finish initialization
start warmup
D2H transfer semantics: host_memory=pinned, api=copy_, non_blocking=False
Ascend FP32 uses Torch-FL backend defaults; strict IEEE FP32 mode is not enforced
finish initialization
start warmup
H2D transfer semantics: host_memory=pinned, api=copy_, non_blocking=False
Ascend FP32 uses Torch-FL backend defaults; strict IEEE FP32 mode is not enforced
finish initialization
Rank 0: AllReduce SUM correctness passed; expected=3
start warmup
Ascend FP32 uses Torch-FL backend defaults; strict IEEE FP32 mode is not enforced
finish initialization
Init tensor size: 1 MiB...
Init tensor size: 1 MiB...
Ascend allocation failed at 1 MiB; allocated=0 MiB; raw error: CachingDeviceAllocator: failed to allocate 4 bytes on device 0
Init tensor size: 65536 MiB...
Attempt allocation: 3 MiB; held=0 MiB
Allocated: 3 MiB
Attempt allocation: 1 MiB; held=3 MiB
Ascend allocation failed at 1 MiB; allocated=3 MiB; raw error: CachingDeviceAllocator: failed to allocate 1048576 bytes on device 0
Reached the 1 MiB allocation granularity, finish test.
Test Finished
Init tensor size: 2 MiB...
Ascend allocation failed at 2 MiB; allocated=0 MiB; raw error: CachingDeviceAllocator: failed to allocate 2097152 bytes on device 0
Reduce tensor size to 1 MiB
Allocated: 1 MiB
Ascend allocation failed at 1 MiB; allocated=1 MiB; raw error: CachingDeviceAllocator: failed to allocate 2097152 bytes on device 0
Reached the 1 MiB allocation granularity, finish test.
Test Finished
{
  "status": "partial",
  "manifest": "/tmp/tmpv70kruef/evidence/manifest.json"
}
