native_library=/root/miniconda/envs/python310_torch29_cuda/lib/python3.10/site-packages/torch_xmlir/xre/so/libxpurt.so.2
host_memory_api=malloc
loaded_map=744643800000-7446439b1000 r-xp 00000000 00:101 10834817653               /root/miniconda/envs/python310_torch29_cuda/lib/python3.10/site-packages/torch_xmlir/xre/so/libxpucuda.so.1
loaded_map=7446439b1000-744643bb1000 ---p 001b1000 00:101 10834817653               /root/miniconda/envs/python310_torch29_cuda/lib/python3.10/site-packages/torch_xmlir/xre/so/libxpucuda.so.1
loaded_map=744643bb1000-744643bbc000 r--p 001b1000 00:101 10834817653               /root/miniconda/envs/python310_torch29_cuda/lib/python3.10/site-packages/torch_xmlir/xre/so/libxpucuda.so.1
loaded_map=744643bbc000-744643bbf000 rw-p 001bc000 00:101 10834817653               /root/miniconda/envs/python310_torch29_cuda/lib/python3.10/site-packages/torch_xmlir/xre/so/libxpucuda.so.1
loaded_map=744643bd5000-744643dd4000 ---p 003d5000 00:101 10834817653               /root/miniconda/envs/python310_torch29_cuda/lib/python3.10/site-packages/torch_xmlir/xre/so/libxpucuda.so.1
loaded_map=744643dd4000-744643dd6000 rw-p 001d4000 00:101 10834817653               /root/miniconda/envs/python310_torch29_cuda/lib/python3.10/site-packages/torch_xmlir/xre/so/libxpucuda.so.1
loaded_map=74464f146000-74464f151000 r--p 00000000 00:101 37754548                  /root/miniconda/envs/python310_torch29_cuda/lib/python3.10/site-packages/torch_xmlir/libxpujitc.so
loaded_map=74464f151000-74464f173000 r-xp 0000b000 00:101 37754548                  /root/miniconda/envs/python310_torch29_cuda/lib/python3.10/site-packages/torch_xmlir/libxpujitc.so
loaded_map=74464f173000-74464f178000 r--p 0002d000 00:101 37754548                  /root/miniconda/envs/python310_torch29_cuda/lib/python3.10/site-packages/torch_xmlir/libxpujitc.so
loaded_map=74464f178000-74464f179000 ---p 00032000 00:101 37754548                  /root/miniconda/envs/python310_torch29_cuda/lib/python3.10/site-packages/torch_xmlir/libxpujitc.so
loaded_map=74464f179000-74464f17a000 r--p 00032000 00:101 37754548                  /root/miniconda/envs/python310_torch29_cuda/lib/python3.10/site-packages/torch_xmlir/libxpujitc.so
loaded_map=74464f17a000-74464f200000 rw-p 00033000 00:101 37754548                  /root/miniconda/envs/python310_torch29_cuda/lib/python3.10/site-packages/torch_xmlir/libxpujitc.so
loaded_map=74464f200000-74464f23e000 r-xp 00000000 00:101 10834817728               /root/miniconda/envs/python310_torch29_cuda/lib/python3.10/site-packages/torch_xmlir/xre/so/libxpurt.so.2
loaded_map=74464f23e000-74464f43d000 ---p 0003e000 00:101 10834817728               /root/miniconda/envs/python310_torch29_cuda/lib/python3.10/site-packages/torch_xmlir/xre/so/libxpurt.so.2
loaded_map=74464f43d000-74464f43e000 r--p 0003d000 00:101 10834817728               /root/miniconda/envs/python310_torch29_cuda/lib/python3.10/site-packages/torch_xmlir/xre/so/libxpurt.so.2
loaded_map=74464f43e000-74464f43f000 rw-p 0003e000 00:101 10834817728               /root/miniconda/envs/python310_torch29_cuda/lib/python3.10/site-packages/torch_xmlir/xre/so/libxpurt.so.2
loaded_map=74464f4fe000-74464fe82000 r--p 00000000 00:101 37754544                  /root/miniconda/envs/python310_torch29_cuda/lib/python3.10/site-packages/torch_xmlir/libxpu_blas.so
loaded_map=74464fe82000-7446539fe000 r-xp 00984000 00:101 37754544                  /root/miniconda/envs/python310_torch29_cuda/lib/python3.10/site-packages/torch_xmlir/libxpu_blas.so
loaded_map=7446539fe000-744654cc3000 r--p 04500000 00:101 37754544                  /root/miniconda/envs/python310_torch29_cuda/lib/python3.10/site-packages/torch_xmlir/libxpu_blas.so
loaded_map=744654cc3000-744654d37000 r--p 057c4000 00:101 37754544                  /root/miniconda/envs/python310_torch29_cuda/lib/python3.10/site-packages/torch_xmlir/libxpu_blas.so
loaded_map=744654d37000-744658739000 rw-p 05838000 00:101 37754544                  /root/miniconda/envs/python310_torch29_cuda/lib/python3.10/site-packages/torch_xmlir/libxpu_blas.so
loaded_map=744658762000-74468f009000 rw-p 0923a000 00:101 37754544                  /root/miniconda/envs/python310_torch29_cuda/lib/python3.10/site-packages/torch_xmlir/libxpu_blas.so
