native_library=/root/miniconda/envs/python310_torch29_cuda/lib/python3.10/site-packages/torch_xmlir/xre/so/libxpurt.so.2
host_memory_api=malloc
loaded_map=7ef7ccc00000-7ef7ccdb1000 r-xp 00000000 00:101 10834817653               /root/miniconda/envs/python310_torch29_cuda/lib/python3.10/site-packages/torch_xmlir/xre/so/libxpucuda.so.1
loaded_map=7ef7ccdb1000-7ef7ccfb1000 ---p 001b1000 00:101 10834817653               /root/miniconda/envs/python310_torch29_cuda/lib/python3.10/site-packages/torch_xmlir/xre/so/libxpucuda.so.1
loaded_map=7ef7ccfb1000-7ef7ccfbc000 r--p 001b1000 00:101 10834817653               /root/miniconda/envs/python310_torch29_cuda/lib/python3.10/site-packages/torch_xmlir/xre/so/libxpucuda.so.1
loaded_map=7ef7ccfbc000-7ef7ccfbf000 rw-p 001bc000 00:101 10834817653               /root/miniconda/envs/python310_torch29_cuda/lib/python3.10/site-packages/torch_xmlir/xre/so/libxpucuda.so.1
loaded_map=7ef7ccfd5000-7ef7cd1d4000 ---p 003d5000 00:101 10834817653               /root/miniconda/envs/python310_torch29_cuda/lib/python3.10/site-packages/torch_xmlir/xre/so/libxpucuda.so.1
loaded_map=7ef7cd1d4000-7ef7cd1d6000 rw-p 001d4000 00:101 10834817653               /root/miniconda/envs/python310_torch29_cuda/lib/python3.10/site-packages/torch_xmlir/xre/so/libxpucuda.so.1
loaded_map=7ef7d8600000-7ef7d863e000 r-xp 00000000 00:101 10834817728               /root/miniconda/envs/python310_torch29_cuda/lib/python3.10/site-packages/torch_xmlir/xre/so/libxpurt.so.2
loaded_map=7ef7d863e000-7ef7d883d000 ---p 0003e000 00:101 10834817728               /root/miniconda/envs/python310_torch29_cuda/lib/python3.10/site-packages/torch_xmlir/xre/so/libxpurt.so.2
loaded_map=7ef7d883d000-7ef7d883e000 r--p 0003d000 00:101 10834817728               /root/miniconda/envs/python310_torch29_cuda/lib/python3.10/site-packages/torch_xmlir/xre/so/libxpurt.so.2
loaded_map=7ef7d883e000-7ef7d883f000 rw-p 0003e000 00:101 10834817728               /root/miniconda/envs/python310_torch29_cuda/lib/python3.10/site-packages/torch_xmlir/xre/so/libxpurt.so.2
loaded_map=7ef7d8958000-7ef7d8963000 r--p 00000000 00:101 37754548                  /root/miniconda/envs/python310_torch29_cuda/lib/python3.10/site-packages/torch_xmlir/libxpujitc.so
loaded_map=7ef7d8963000-7ef7d8985000 r-xp 0000b000 00:101 37754548                  /root/miniconda/envs/python310_torch29_cuda/lib/python3.10/site-packages/torch_xmlir/libxpujitc.so
loaded_map=7ef7d8985000-7ef7d898a000 r--p 0002d000 00:101 37754548                  /root/miniconda/envs/python310_torch29_cuda/lib/python3.10/site-packages/torch_xmlir/libxpujitc.so
loaded_map=7ef7d898a000-7ef7d898b000 ---p 00032000 00:101 37754548                  /root/miniconda/envs/python310_torch29_cuda/lib/python3.10/site-packages/torch_xmlir/libxpujitc.so
loaded_map=7ef7d898b000-7ef7d898c000 r--p 00032000 00:101 37754548                  /root/miniconda/envs/python310_torch29_cuda/lib/python3.10/site-packages/torch_xmlir/libxpujitc.so
loaded_map=7ef7d898c000-7ef7d8a12000 rw-p 00033000 00:101 37754548                  /root/miniconda/envs/python310_torch29_cuda/lib/python3.10/site-packages/torch_xmlir/libxpujitc.so
loaded_map=7ef7d8a3f000-7ef7d93c3000 r--p 00000000 00:101 37754544                  /root/miniconda/envs/python310_torch29_cuda/lib/python3.10/site-packages/torch_xmlir/libxpu_blas.so
loaded_map=7ef7d93c3000-7ef7dcf3f000 r-xp 00984000 00:101 37754544                  /root/miniconda/envs/python310_torch29_cuda/lib/python3.10/site-packages/torch_xmlir/libxpu_blas.so
loaded_map=7ef7dcf3f000-7ef7de204000 r--p 04500000 00:101 37754544                  /root/miniconda/envs/python310_torch29_cuda/lib/python3.10/site-packages/torch_xmlir/libxpu_blas.so
loaded_map=7ef7de204000-7ef7de278000 r--p 057c4000 00:101 37754544                  /root/miniconda/envs/python310_torch29_cuda/lib/python3.10/site-packages/torch_xmlir/libxpu_blas.so
loaded_map=7ef7de278000-7ef7e1c7a000 rw-p 05838000 00:101 37754544                  /root/miniconda/envs/python310_torch29_cuda/lib/python3.10/site-packages/torch_xmlir/libxpu_blas.so
loaded_map=7ef7e1ca3000-7ef81854a000 rw-p 0923a000 00:101 37754544                  /root/miniconda/envs/python310_torch29_cuda/lib/python3.10/site-packages/torch_xmlir/libxpu_blas.so
