{
  "applicability": {
    "reason": "the unified P800 entrypoint resolves nnodes=1 only; interserver cases are skipped before Docker and lease",
    "status": "skipped"
  },
  "case": "interconnect-P2P_interserver:P800",
  "case_assets": {
    "case": "interconnect-P2P_interserver:P800",
    "case_name": "interconnect-P2P_interserver",
    "chip": "P800",
    "configurations": {
      "generic": {
        "bytes": 644,
        "relative_path": "benchmarks/interconnect-P2P_interserver/case_config.yaml",
        "sha256": "601f289d6cdbf0f1571d4fb8bd9f4a6e3b9fbc700374bd2051eb482a4f785191"
      }
    },
    "entrypoint": {
      "bytes": 3977,
      "relative_path": "benchmarks/interconnect-P2P_interserver/main.py",
      "sha256": "a2a1c0b07601ae991da9d4351ab06670f13960c3da21d0e5a2bb2e0dbc4af85e"
    },
    "environments": [],
    "merged_config": {
      "DIST_BACKEND": "mpi",
      "ITERS": 1000,
      "Melements": 1024,
      "WARMUP": 100
    },
    "requirement_files": [
      {
        "bytes": 300,
        "relative_path": "benchmarks/interconnect-P2P_interserver/kunlunxin/P800/runtime_requirements.json",
        "sha256": "733be7a33cf8a291079f8792e7608fbcbdfd34abbcab39f0965828dbbe2c20fa"
      }
    ],
    "requirements": {
      "process_scope": {
        "nnodes": 2,
        "nproc_per_node": 1
      },
      "runtime_profile": "xpytorch_2.9_p800_candidate",
      "schema_version": 1,
      "supported": false,
      "unsupported_reason": "the unified P800 entrypoint resolves nnodes=1 only; interserver cases are skipped before Docker and lease"
    },
    "schema_version": 1,
    "selector": "kunlunxin/P800",
    "vendor": "kunlunxin"
  },
  "case_config": {
    "generic": {
      "bytes": 644,
      "path": "/home/kzhang519/Zhiyu/runtime-team/FlagPerf/base/benchmarks/interconnect-P2P_interserver/case_config.yaml",
      "relative_path": "benchmarks/interconnect-P2P_interserver/case_config.yaml",
      "sha256": "601f289d6cdbf0f1571d4fb8bd9f4a6e3b9fbc700374bd2051eb482a4f785191"
    }
  },
  "context": {
    "config": "base/configs/kunlunxin_p800_xpytorch29.yaml",
    "device_ids": null,
    "dry_run": true,
    "npu_ids": null,
    "physical_device_ids": "5",
    "result_root": null,
    "timeout": 300
  },
  "host_config": "/home/kzhang519/Zhiyu/runtime-team/FlagPerf/base/configs/kunlunxin_p800_xpytorch29.yaml",
  "image": "flagtree-xpu3.6-py310-torch2.9.0-flaggems-main-dev:202608",
  "kind": "benchmark",
  "mode": "static-dry-run",
  "monitoring": {
    "automatic_workload_extension": false,
    "collector": "xpu-smi -m and selected -q",
    "enabled": true,
    "metric_fields": [
      {
        "key": "utilization_percent",
        "label": "Device utilization",
        "unit": "%"
      },
      {
        "key": "used_memory_mib",
        "label": "Allocated device memory",
        "unit": "MiB"
      }
    ],
    "required_samples_per_target": 10,
    "target_interval_s": 1.0,
    "target_resource": "p800-device",
    "vendor": "kunlunxin"
  },
  "nproc_per_node": 1,
  "permissions": {
    "active_dmi": false,
    "candidate_runtime": true,
    "cap_drop": [
      "ALL"
    ],
    "ipc_namespace": "private",
    "network": "flagperf-p800-internal",
    "pid_namespace": "private",
    "privileged_root": false,
    "read_only_root": true
  },
  "runtime_identity": {
    "image_id": "deferred-until-image-inspection"
  },
  "runtime_lock": {
    "image_manifest": {
      "image": "flagtree-xpu3.6-py310-torch2.9.0-flaggems-main-dev:202608",
      "image_id": "sha256:cd53efa40eb7ddc49c2ad76a9bfbd252572c5fb01bd10d02cffbf667c34a1975",
      "path": "/home/kzhang519/Zhiyu/runtime-team/FlagPerf/base/vendors/kunlunxin/xpytorch_2.9_p800_candidate/image-manifest.json",
      "release_stage": "candidate",
      "schema_version": 1,
      "sha256": "ab59dc1cd14b65a28ffaef7b1b21b1d0b51f5334619301659d4123a5c681acbf",
      "validated": false,
      "validation_scope": [],
      "validation_status": null
    },
    "runtime_profile": "xpytorch_2.9_p800_candidate",
    "stack_lock": {
      "path": "/home/kzhang519/Zhiyu/runtime-team/FlagPerf/base/vendors/kunlunxin/xpytorch_2.9_p800_candidate/stack.lock.yaml",
      "sha256": "8f200d0b955b7e60881bc13ed75c8784c2c38fe2c755d018c618f1dc7b46cded"
    },
    "vendor": "kunlunxin"
  },
  "runtime_requirements": {
    "bytes": 300,
    "path": "/home/kzhang519/Zhiyu/runtime-team/FlagPerf/base/benchmarks/interconnect-P2P_interserver/kunlunxin/P800/runtime_requirements.json",
    "relative_path": "benchmarks/interconnect-P2P_interserver/kunlunxin/P800/runtime_requirements.json",
    "requirements": {
      "process_scope": {
        "nnodes": 2,
        "nproc_per_node": 1
      },
      "runtime_profile": "xpytorch_2.9_p800_candidate",
      "schema_version": 1,
      "supported": false,
      "unsupported_reason": "the unified P800 entrypoint resolves nnodes=1 only; interserver cases are skipped before Docker and lease"
    },
    "sha256": "733be7a33cf8a291079f8792e7608fbcbdfd34abbcab39f0965828dbbe2c20fa",
    "sources": [
      {
        "bytes": 300,
        "path": "/home/kzhang519/Zhiyu/runtime-team/FlagPerf/base/benchmarks/interconnect-P2P_interserver/kunlunxin/P800/runtime_requirements.json",
        "relative_path": "benchmarks/interconnect-P2P_interserver/kunlunxin/P800/runtime_requirements.json",
        "sha256": "733be7a33cf8a291079f8792e7608fbcbdfd34abbcab39f0965828dbbe2c20fa"
      }
    ]
  },
  "schema_version": 1,
  "selection_note": "physical-to-logical mapping and idle state are resolved only by the side-effecting host preflight",
  "selection_request": {
    "expression": "5",
    "requested_ids": [
      5
    ],
    "resolution_status": "deferred-until-host-preflight",
    "source": "physical-device-ids"
  },
  "vendor": "kunlunxin",
  "vendor_display_name": "Kunlunxin P800",
  "worker": "benchmark_worker.py"
}
