{
  "applicability": {
    "reason": null,
    "status": "applicable"
  },
  "case": "interconnect-P2P_intraserver",
  "case_assets": {
    "case": "interconnect-P2P_intraserver",
    "case_name": "interconnect-P2P_intraserver",
    "chip": null,
    "configurations": {
      "ascend": {
        "bytes": 263,
        "relative_path": "benchmarks/interconnect-P2P_intraserver/ascend/case_config.yaml",
        "sha256": "923572da2ff037dc574dec8e7f2d403d5f9865d82c4137ac94c3681d086abe24"
      },
      "generic": {
        "bytes": 646,
        "relative_path": "benchmarks/interconnect-P2P_intraserver/case_config.yaml",
        "sha256": "10f598c059e893845851f892d1cd332a14d6c31b3a005ffb950f614fd66c3726"
      },
      "override": {
        "bytes": 222,
        "relative_path": "@override",
        "sha256": "e79af6697825c708d2f7e096a1639ca73d7a58848bb04674dfbbf49cb3218de3"
      }
    },
    "entrypoint": {
      "bytes": 3707,
      "relative_path": "benchmarks/interconnect-P2P_intraserver/main.py",
      "sha256": "e66ad0e150e88e0f79a5a6bc1ac813cdf72d5e5ca017b7c869a7a64d5ff933fb"
    },
    "environments": [],
    "merged_config": {
      "DIST_BACKEND": "flagos",
      "ITERS": 10,
      "Melements": 1,
      "WARMUP": 2
    },
    "requirement_files": [
      {
        "bytes": 2761,
        "relative_path": "benchmarks/interconnect-P2P_intraserver/ascend/runtime_requirements.json",
        "sha256": "174c2357bfa9c98b69c44f41639b0eb45ddf721bbc132e3d23b7f85f3f6e6519"
      }
    ],
    "requirements": {
      "allowed_case_configs": [
        {
          "scope": "bounded-smoke",
          "sha256": "e79af6697825c708d2f7e096a1639ca73d7a58848bb04674dfbbf49cb3218de3"
        },
        {
          "scope": "p2p-calibration-only",
          "sha256": "07c491f84e4aac39bb701be24c038e9de37496112632e29ac5d494f001a885a5"
        },
        {
          "scope": "p2p-calibration-only",
          "sha256": "ced8b918df5f482827860ae22e1768630ab50ebf6b905fafd14e2320c9766e50"
        },
        {
          "scope": "p2p-calibration-only",
          "sha256": "fc46ebf232ee1edc85e9e630a4d6a32eb301d9c4cf2c96411be3373a3bdcf26d"
        },
        {
          "scope": "p2p-calibration-only",
          "sha256": "4c4312c092bfe59a83bc0e68fce68cfca64aeb2a49ef2892cff1c65dafc04fa8"
        },
        {
          "scope": "p2p-qualification",
          "sha256": "7874be376797965993615678f217cfba93a2720d9939c5d6708c1076b4042748"
        },
        {
          "scope": "p2p-qualification",
          "sha256": "e46f771c7abfb429acf474fbda78aea0878b5c2de25b4e7711fe52e10872b247"
        },
        {
          "scope": "p2p-qualification",
          "sha256": "b4a57ba60cef90490411bbc1b80423b22d17823f3150645c28f2a8891ebff6f7"
        },
        {
          "scope": "p2p-qualification",
          "sha256": "80b1c20b3cde3d24d0ab1b24ec5905006cfd742b33bfd39d0b7004ee97a9a5b6"
        },
        {
          "scope": "p2p-qualification",
          "sha256": "da50aca669dea8c1a29e32e716f8b8282672728f28cc702f02cf9af15fe3ba6b"
        },
        {
          "scope": "p2p-qualification",
          "sha256": "0a348e3c8b4f8faeddc34def02d8682e8391b1350bbf2335c0f5857ce91a955b"
        },
        {
          "scope": "p2p-qualification",
          "sha256": "6062f31e81f8a6b2e051a1dd6f2e6f5a75fc40e8371ecb5740244a54e4129909"
        },
        {
          "scope": "p2p-qualification",
          "sha256": "d4c85de2313f74eb070a6c3fc2d1fda5e3d1da439d80d699c325be6c670789da"
        }
      ],
      "distributed_backend": "flagos",
      "process_scope": {
        "nnodes": 1,
        "nproc_per_node": 2
      },
      "requires_case_override": true,
      "runtime_profile": "torch_fl_2.10_flagcx",
      "runtime_role": "communication",
      "schema_version": 1,
      "validation_stage": "formal"
    },
    "schema_version": 1,
    "selector": "ascend",
    "vendor": "ascend"
  },
  "case_config": {
    "ascend": {
      "bytes": 263,
      "path": "/home/kzhang519/Zhiyu/runtime-team/FlagPerf/base/benchmarks/interconnect-P2P_intraserver/ascend/case_config.yaml",
      "relative_path": "benchmarks/interconnect-P2P_intraserver/ascend/case_config.yaml",
      "sha256": "923572da2ff037dc574dec8e7f2d403d5f9865d82c4137ac94c3681d086abe24"
    },
    "generic": {
      "bytes": 646,
      "path": "/home/kzhang519/Zhiyu/runtime-team/FlagPerf/base/benchmarks/interconnect-P2P_intraserver/case_config.yaml",
      "relative_path": "benchmarks/interconnect-P2P_intraserver/case_config.yaml",
      "sha256": "10f598c059e893845851f892d1cd332a14d6c31b3a005ffb950f614fd66c3726"
    },
    "override": {
      "bytes": 222,
      "path": "/home/kzhang519/Zhiyu/runtime-team/FlagPerf/base/benchmarks/interconnect-P2P_intraserver/ascend/case_config.smoke.yaml",
      "relative_path": "@override",
      "sha256": "e79af6697825c708d2f7e096a1639ca73d7a58848bb04674dfbbf49cb3218de3"
    }
  },
  "context": {
    "config": "base/configs/ascend910_cann9_p2p_candidate.yaml",
    "device_ids": "14,15",
    "dry_run": true,
    "npu_ids": null,
    "physical_device_ids": null,
    "result_root": null,
    "timeout": 300
  },
  "host_config": "/home/kzhang519/Zhiyu/runtime-team/FlagPerf/base/configs/ascend910_cann9_p2p_candidate.yaml",
  "image": "flagrt/ascend-operator-runtime-comm:0.1.3-cann9.0-py311-torch2.10-flagcx0.13.0g55eb2ffp2-arm64",
  "kind": "benchmark",
  "mode": "static-dry-run",
  "monitoring": {
    "automatic_workload_extension": false,
    "collector": "npu-smi info -t usages",
    "command_timeout_s": 5,
    "coverage_window": "rank-local exact measurement window",
    "enabled": true,
    "metric_fields": [
      {
        "key": "aicore_usage_rate_pct",
        "label": "Aicore Usage Rate(%)",
        "unit": "%"
      },
      {
        "key": "aivector_usage_rate_pct",
        "label": "Aivector Usage Rate(%)",
        "unit": "%"
      },
      {
        "key": "hbm_usage_rate_pct",
        "label": "HBM Usage Rate(%)",
        "unit": "%"
      },
      {
        "key": "hbm_bandwidth_usage_rate_pct",
        "label": "HBM Bandwidth Usage Rate(%)",
        "unit": "%"
      },
      {
        "key": "npu_utilization_pct",
        "label": "NPU Utilization(%)",
        "unit": "%"
      }
    ],
    "required_fields": [
      "Aicore Usage Rate(%)",
      "Aivector Usage Rate(%)",
      "HBM Usage Rate(%)",
      "HBM Bandwidth Usage Rate(%)",
      "NPU Utilization(%)"
    ],
    "required_samples_per_target": 10,
    "target_interval_s": 1.0,
    "target_resource": "benchmark-npu-core",
    "vendor": "ascend",
    "vendor_display_name": "Ascend"
  },
  "nproc_per_node": 2,
  "permissions": {
    "active_dmi": false,
    "candidate_runtime": true,
    "ipc_namespace": "host",
    "network": "host",
    "pid_namespace": "private",
    "privileged_root": false
  },
  "runtime_identity": {
    "image_id": "deferred-until-image-inspection"
  },
  "runtime_lock": {
    "image_manifest": {
      "image": "flagrt/ascend-operator-runtime-comm:0.1.3-cann9.0-py311-torch2.10-flagcx0.13.0g55eb2ffp2-arm64",
      "image_id": "sha256:3b9e08f231d0e80d37341e375e6bb13066e03a67794b78a3d2874c1770c6b6bc",
      "path": "/home/kzhang519/Zhiyu/runtime-team/FlagPerf/base/vendors/ascend/torch_fl_2.10_flagcx/image-manifest.json",
      "release_stage": "validated",
      "schema_version": 1,
      "sha256": "fb3a4428855e59568703721d9cb43054d94df692c8390710aadf6d7b5c2ce157",
      "validated": true,
      "validation_scope": "Qualified for the declared single-node two-rank P2P scope using the original FP32 one-way blocking send/recv Case and the official p2p-single-node-v1 workload: SIO Device14-to-15 on physical NPU7 and HCCS_SW Device12-to-14 across physical NPU6/NPU7, at 4, 16, 64 and 256 MiB. Build, ABI, sentinel, lifecycle and smoke checks and the 30-run P2P qualification matrix passed, including three repeats per topology-size cell, zero fallback, topology/postflight audits and monitor A/B. Reverse direction, multi-node communication and long-duration soak are explicitly outside the declared release scope and are not pending gates.",
      "validation_status": "p2p-formal-passed"
    },
    "runtime_profile": "torch_fl_2.10_flagcx",
    "stack_lock": {
      "path": "/home/kzhang519/Zhiyu/runtime-team/FlagPerf/base/vendors/ascend/torch_fl_2.10_flagcx/stack.lock.yaml",
      "sha256": "3c251d5ce00b499c8177c0c4165f9055254c2f2442cdfa40115ecaad71c79779"
    },
    "vendor": "ascend"
  },
  "runtime_requirements": {
    "bytes": 2761,
    "path": "/home/kzhang519/Zhiyu/runtime-team/FlagPerf/base/benchmarks/interconnect-P2P_intraserver/ascend/runtime_requirements.json",
    "relative_path": "benchmarks/interconnect-P2P_intraserver/ascend/runtime_requirements.json",
    "requirements": {
      "allowed_case_configs": [
        {
          "path": "ascend/case_config.smoke.yaml",
          "scope": "bounded-smoke",
          "sha256": "e79af6697825c708d2f7e096a1639ca73d7a58848bb04674dfbbf49cb3218de3"
        },
        {
          "path": "ascend/case_config.p2p-calibration-4m.yaml",
          "scope": "p2p-calibration-only",
          "sha256": "07c491f84e4aac39bb701be24c038e9de37496112632e29ac5d494f001a885a5"
        },
        {
          "path": "ascend/case_config.p2p-calibration-16m.yaml",
          "scope": "p2p-calibration-only",
          "sha256": "ced8b918df5f482827860ae22e1768630ab50ebf6b905fafd14e2320c9766e50"
        },
        {
          "path": "ascend/case_config.p2p-calibration-64m.yaml",
          "scope": "p2p-calibration-only",
          "sha256": "fc46ebf232ee1edc85e9e630a4d6a32eb301d9c4cf2c96411be3373a3bdcf26d"
        },
        {
          "path": "ascend/case_config.p2p-calibration-256m.yaml",
          "scope": "p2p-calibration-only",
          "sha256": "4c4312c092bfe59a83bc0e68fce68cfca64aeb2a49ef2892cff1c65dafc04fa8"
        },
        {
          "path": "ascend/case_config.p2p-sio-4m.yaml",
          "scope": "p2p-qualification",
          "sha256": "7874be376797965993615678f217cfba93a2720d9939c5d6708c1076b4042748"
        },
        {
          "path": "ascend/case_config.p2p-sio-16m.yaml",
          "scope": "p2p-qualification",
          "sha256": "e46f771c7abfb429acf474fbda78aea0878b5c2de25b4e7711fe52e10872b247"
        },
        {
          "path": "ascend/case_config.p2p-sio-64m.yaml",
          "scope": "p2p-qualification",
          "sha256": "b4a57ba60cef90490411bbc1b80423b22d17823f3150645c28f2a8891ebff6f7"
        },
        {
          "path": "ascend/case_config.p2p-sio-256m.yaml",
          "scope": "p2p-qualification",
          "sha256": "80b1c20b3cde3d24d0ab1b24ec5905006cfd742b33bfd39d0b7004ee97a9a5b6"
        },
        {
          "path": "ascend/case_config.p2p-hccs-sw-4m.yaml",
          "scope": "p2p-qualification",
          "sha256": "da50aca669dea8c1a29e32e716f8b8282672728f28cc702f02cf9af15fe3ba6b"
        },
        {
          "path": "ascend/case_config.p2p-hccs-sw-16m.yaml",
          "scope": "p2p-qualification",
          "sha256": "0a348e3c8b4f8faeddc34def02d8682e8391b1350bbf2335c0f5857ce91a955b"
        },
        {
          "path": "ascend/case_config.p2p-hccs-sw-64m.yaml",
          "scope": "p2p-qualification",
          "sha256": "6062f31e81f8a6b2e051a1dd6f2e6f5a75fc40e8371ecb5740244a54e4129909"
        },
        {
          "path": "ascend/case_config.p2p-hccs-sw-256m.yaml",
          "scope": "p2p-qualification",
          "sha256": "d4c85de2313f74eb070a6c3fc2d1fda5e3d1da439d80d699c325be6c670789da"
        }
      ],
      "distributed_backend": "flagos",
      "process_scope": {
        "nnodes": 1,
        "nproc_per_node": 2
      },
      "requires_case_override": true,
      "runtime_profile": "torch_fl_2.10_flagcx",
      "runtime_role": "communication",
      "schema_version": 1,
      "validation_stage": "formal"
    },
    "sha256": "174c2357bfa9c98b69c44f41639b0eb45ddf721bbc132e3d23b7f85f3f6e6519",
    "sources": [
      {
        "bytes": 2761,
        "path": "/home/kzhang519/Zhiyu/runtime-team/FlagPerf/base/benchmarks/interconnect-P2P_intraserver/ascend/runtime_requirements.json",
        "relative_path": "benchmarks/interconnect-P2P_intraserver/ascend/runtime_requirements.json",
        "sha256": "174c2357bfa9c98b69c44f41639b0eb45ddf721bbc132e3d23b7f85f3f6e6519"
      }
    ]
  },
  "schema_version": 1,
  "selection_note": "physical-to-logical mapping and idle state are resolved only by the side-effecting host preflight",
  "selection_request": {
    "expression": "14,15",
    "requested_ids": [
      14,
      15
    ],
    "resolution_status": "static",
    "selected_device_ids": [
      14,
      15
    ],
    "source": "device-ids"
  },
  "vendor": "ascend",
  "vendor_display_name": "Ascend",
  "worker": "benchmark_worker.py"
}
