native_library=/root/miniconda/envs/python310_torch29_cuda/lib/python3.10/site-packages/torch_xmlir/xre/so/libxpurt.so.2
host_memory_api=posix_memalign+xpu_host_register
loaded_map=733791e00000-733791fb1000 r-xp 00000000 00:101 10834817653               /root/miniconda/envs/python310_torch29_cuda/lib/python3.10/site-packages/torch_xmlir/xre/so/libxpucuda.so.1
loaded_map=733791fb1000-7337921b1000 ---p 001b1000 00:101 10834817653               /root/miniconda/envs/python310_torch29_cuda/lib/python3.10/site-packages/torch_xmlir/xre/so/libxpucuda.so.1
loaded_map=7337921b1000-7337921bc000 r--p 001b1000 00:101 10834817653               /root/miniconda/envs/python310_torch29_cuda/lib/python3.10/site-packages/torch_xmlir/xre/so/libxpucuda.so.1
loaded_map=7337921bc000-7337921bf000 rw-p 001bc000 00:101 10834817653               /root/miniconda/envs/python310_torch29_cuda/lib/python3.10/site-packages/torch_xmlir/xre/so/libxpucuda.so.1
loaded_map=7337921d5000-7337923d4000 ---p 003d5000 00:101 10834817653               /root/miniconda/envs/python310_torch29_cuda/lib/python3.10/site-packages/torch_xmlir/xre/so/libxpucuda.so.1
loaded_map=7337923d4000-7337923d6000 rw-p 001d4000 00:101 10834817653               /root/miniconda/envs/python310_torch29_cuda/lib/python3.10/site-packages/torch_xmlir/xre/so/libxpucuda.so.1
loaded_map=73379d800000-73379d83e000 r-xp 00000000 00:101 10834817728               /root/miniconda/envs/python310_torch29_cuda/lib/python3.10/site-packages/torch_xmlir/xre/so/libxpurt.so.2
loaded_map=73379d83e000-73379da3d000 ---p 0003e000 00:101 10834817728               /root/miniconda/envs/python310_torch29_cuda/lib/python3.10/site-packages/torch_xmlir/xre/so/libxpurt.so.2
loaded_map=73379da3d000-73379da3e000 r--p 0003d000 00:101 10834817728               /root/miniconda/envs/python310_torch29_cuda/lib/python3.10/site-packages/torch_xmlir/xre/so/libxpurt.so.2
loaded_map=73379da3e000-73379da3f000 rw-p 0003e000 00:101 10834817728               /root/miniconda/envs/python310_torch29_cuda/lib/python3.10/site-packages/torch_xmlir/xre/so/libxpurt.so.2
loaded_map=73379da66000-73379da71000 r--p 00000000 00:101 37754548                  /root/miniconda/envs/python310_torch29_cuda/lib/python3.10/site-packages/torch_xmlir/libxpujitc.so
loaded_map=73379da71000-73379da93000 r-xp 0000b000 00:101 37754548                  /root/miniconda/envs/python310_torch29_cuda/lib/python3.10/site-packages/torch_xmlir/libxpujitc.so
loaded_map=73379da93000-73379da98000 r--p 0002d000 00:101 37754548                  /root/miniconda/envs/python310_torch29_cuda/lib/python3.10/site-packages/torch_xmlir/libxpujitc.so
loaded_map=73379da98000-73379da99000 ---p 00032000 00:101 37754548                  /root/miniconda/envs/python310_torch29_cuda/lib/python3.10/site-packages/torch_xmlir/libxpujitc.so
loaded_map=73379da99000-73379da9a000 r--p 00032000 00:101 37754548                  /root/miniconda/envs/python310_torch29_cuda/lib/python3.10/site-packages/torch_xmlir/libxpujitc.so
loaded_map=73379da9a000-73379db20000 rw-p 00033000 00:101 37754548                  /root/miniconda/envs/python310_torch29_cuda/lib/python3.10/site-packages/torch_xmlir/libxpujitc.so
loaded_map=73379db4d000-73379e4d1000 r--p 00000000 00:101 37754544                  /root/miniconda/envs/python310_torch29_cuda/lib/python3.10/site-packages/torch_xmlir/libxpu_blas.so
loaded_map=73379e4d1000-7337a204d000 r-xp 00984000 00:101 37754544                  /root/miniconda/envs/python310_torch29_cuda/lib/python3.10/site-packages/torch_xmlir/libxpu_blas.so
loaded_map=7337a204d000-7337a3312000 r--p 04500000 00:101 37754544                  /root/miniconda/envs/python310_torch29_cuda/lib/python3.10/site-packages/torch_xmlir/libxpu_blas.so
loaded_map=7337a3312000-7337a3386000 r--p 057c4000 00:101 37754544                  /root/miniconda/envs/python310_torch29_cuda/lib/python3.10/site-packages/torch_xmlir/libxpu_blas.so
loaded_map=7337a3386000-7337a6d88000 rw-p 05838000 00:101 37754544                  /root/miniconda/envs/python310_torch29_cuda/lib/python3.10/site-packages/torch_xmlir/libxpu_blas.so
loaded_map=7337a6db1000-7337dd658000 rw-p 0923a000 00:101 37754544                  /root/miniconda/envs/python310_torch29_cuda/lib/python3.10/site-packages/torch_xmlir/libxpu_blas.so
