{
  "applicability": {
    "reason": "blocked/unresolved: current stack TF32 route is not qualified; allow_tf32 A/B alone cannot establish support or hardware non-support",
    "status": "skipped"
  },
  "case": "computation-TF32:P800",
  "case_assets": {
    "case": "computation-TF32:P800",
    "case_name": "computation-TF32",
    "chip": "P800",
    "configurations": {
      "generic": {
        "bytes": 654,
        "relative_path": "benchmarks/computation-TF32/case_config.yaml",
        "sha256": "8bc63a581a2aa8d7a187998c7d61e77e9d7534779954fe3a911615178cb0fbfd"
      }
    },
    "entrypoint": {
      "bytes": 3000,
      "relative_path": "benchmarks/computation-TF32/main.py",
      "sha256": "a469da559ac0e662312b35c45d7cde7f33555980bee2f11cf1b8c7219b11b5ba"
    },
    "environments": [],
    "merged_config": {
      "DIST_BACKEND": "mpi",
      "ITERS": 100000,
      "K": 4096,
      "M": 4096,
      "N": 4096,
      "WARMUP": 100
    },
    "requirement_files": [
      {
        "bytes": 315,
        "relative_path": "benchmarks/computation-TF32/kunlunxin/P800/runtime_requirements.json",
        "sha256": "0c206ede88e464c6d30ffbcd770f600269068c24e7fbda341be9c4fe381378ea"
      }
    ],
    "requirements": {
      "process_scope": {
        "nnodes": 1,
        "nproc_per_node": 1
      },
      "runtime_profile": "xpytorch_2.9_p800_candidate",
      "schema_version": 1,
      "supported": false,
      "unsupported_reason": "blocked/unresolved: current stack TF32 route is not qualified; allow_tf32 A/B alone cannot establish support or hardware non-support"
    },
    "schema_version": 1,
    "selector": "kunlunxin/P800",
    "vendor": "kunlunxin"
  },
  "case_config": {
    "generic": {
      "bytes": 654,
      "path": "/home/kzhang519/Zhiyu/runtime-team/FlagPerf/base/benchmarks/computation-TF32/case_config.yaml",
      "relative_path": "benchmarks/computation-TF32/case_config.yaml",
      "sha256": "8bc63a581a2aa8d7a187998c7d61e77e9d7534779954fe3a911615178cb0fbfd"
    }
  },
  "context": {
    "config": "base/configs/kunlunxin_p800_xpytorch29.yaml",
    "device_ids": null,
    "dry_run": true,
    "npu_ids": null,
    "physical_device_ids": "5",
    "result_root": null,
    "timeout": 300
  },
  "host_config": "/home/kzhang519/Zhiyu/runtime-team/FlagPerf/base/configs/kunlunxin_p800_xpytorch29.yaml",
  "image": "flagtree-xpu3.6-py310-torch2.9.0-flaggems-main-dev:202608",
  "kind": "benchmark",
  "mode": "static-dry-run",
  "monitoring": {
    "automatic_workload_extension": false,
    "collector": "xpu-smi -m and selected -q",
    "enabled": true,
    "metric_fields": [
      {
        "key": "utilization_percent",
        "label": "Device utilization",
        "unit": "%"
      },
      {
        "key": "used_memory_mib",
        "label": "Allocated device memory",
        "unit": "MiB"
      }
    ],
    "required_samples_per_target": 10,
    "target_interval_s": 1.0,
    "target_resource": "p800-device",
    "vendor": "kunlunxin"
  },
  "nproc_per_node": 1,
  "permissions": {
    "active_dmi": false,
    "candidate_runtime": false,
    "cap_drop": [
      "ALL"
    ],
    "ipc_namespace": "private",
    "network": "none",
    "pid_namespace": "private",
    "privileged_root": false,
    "read_only_root": true
  },
  "runtime_identity": {
    "image_id": "deferred-until-image-inspection"
  },
  "runtime_lock": {
    "image_manifest": {
      "image": "flagtree-xpu3.6-py310-torch2.9.0-flaggems-main-dev:202608",
      "image_id": "sha256:cd53efa40eb7ddc49c2ad76a9bfbd252572c5fb01bd10d02cffbf667c34a1975",
      "path": "/home/kzhang519/Zhiyu/runtime-team/FlagPerf/base/vendors/kunlunxin/xpytorch_2.9_p800_candidate/image-manifest.json",
      "release_stage": "candidate",
      "schema_version": 1,
      "sha256": "ab59dc1cd14b65a28ffaef7b1b21b1d0b51f5334619301659d4123a5c681acbf",
      "validated": false,
      "validation_scope": [],
      "validation_status": null
    },
    "runtime_profile": "xpytorch_2.9_p800_candidate",
    "stack_lock": {
      "path": "/home/kzhang519/Zhiyu/runtime-team/FlagPerf/base/vendors/kunlunxin/xpytorch_2.9_p800_candidate/stack.lock.yaml",
      "sha256": "8f200d0b955b7e60881bc13ed75c8784c2c38fe2c755d018c618f1dc7b46cded"
    },
    "vendor": "kunlunxin"
  },
  "runtime_requirements": {
    "bytes": 315,
    "path": "/home/kzhang519/Zhiyu/runtime-team/FlagPerf/base/benchmarks/computation-TF32/kunlunxin/P800/runtime_requirements.json",
    "relative_path": "benchmarks/computation-TF32/kunlunxin/P800/runtime_requirements.json",
    "requirements": {
      "process_scope": {
        "nnodes": 1,
        "nproc_per_node": 1
      },
      "runtime_profile": "xpytorch_2.9_p800_candidate",
      "schema_version": 1,
      "supported": false,
      "unsupported_reason": "blocked/unresolved: current stack TF32 route is not qualified; allow_tf32 A/B alone cannot establish support or hardware non-support"
    },
    "sha256": "0c206ede88e464c6d30ffbcd770f600269068c24e7fbda341be9c4fe381378ea",
    "sources": [
      {
        "bytes": 315,
        "path": "/home/kzhang519/Zhiyu/runtime-team/FlagPerf/base/benchmarks/computation-TF32/kunlunxin/P800/runtime_requirements.json",
        "relative_path": "benchmarks/computation-TF32/kunlunxin/P800/runtime_requirements.json",
        "sha256": "0c206ede88e464c6d30ffbcd770f600269068c24e7fbda341be9c4fe381378ea"
      }
    ]
  },
  "schema_version": 1,
  "selection_note": "physical-to-logical mapping and idle state are resolved only by the side-effecting host preflight",
  "selection_request": {
    "expression": "5",
    "requested_ids": [
      5
    ],
    "resolution_status": "deferred-until-host-preflight",
    "source": "physical-device-ids"
  },
  "vendor": "kunlunxin",
  "vendor_display_name": "Kunlunxin P800",
  "worker": "benchmark_worker.py"
}
