native_library=/root/miniconda/envs/python310_torch29_cuda/lib/python3.10/site-packages/torch_xmlir/xre/so/libxpurt.so.2
native_library=/root/miniconda/envs/python310_torch29_cuda/lib/python3.10/site-packages/torch_xmlir/libxpu_blas.so
cublas_math_mode=0
compute_api=XBLAS cublasGemmEx FP32 accumulation/output
loaded_map=781263400000-7812635b1000 r-xp 00000000 00:101 10834817653               /root/miniconda/envs/python310_torch29_cuda/lib/python3.10/site-packages/torch_xmlir/xre/so/libxpucuda.so.1
loaded_map=7812635b1000-7812637b1000 ---p 001b1000 00:101 10834817653               /root/miniconda/envs/python310_torch29_cuda/lib/python3.10/site-packages/torch_xmlir/xre/so/libxpucuda.so.1
loaded_map=7812637b1000-7812637bc000 r--p 001b1000 00:101 10834817653               /root/miniconda/envs/python310_torch29_cuda/lib/python3.10/site-packages/torch_xmlir/xre/so/libxpucuda.so.1
loaded_map=7812637bc000-7812637bf000 rw-p 001bc000 00:101 10834817653               /root/miniconda/envs/python310_torch29_cuda/lib/python3.10/site-packages/torch_xmlir/xre/so/libxpucuda.so.1
loaded_map=7812637d5000-7812639d4000 ---p 003d5000 00:101 10834817653               /root/miniconda/envs/python310_torch29_cuda/lib/python3.10/site-packages/torch_xmlir/xre/so/libxpucuda.so.1
loaded_map=7812639d4000-7812639d6000 rw-p 001d4000 00:101 10834817653               /root/miniconda/envs/python310_torch29_cuda/lib/python3.10/site-packages/torch_xmlir/xre/so/libxpucuda.so.1
loaded_map=78126ee00000-78126ee3e000 r-xp 00000000 00:101 10834817728               /root/miniconda/envs/python310_torch29_cuda/lib/python3.10/site-packages/torch_xmlir/xre/so/libxpurt.so.2
loaded_map=78126ee3e000-78126f03d000 ---p 0003e000 00:101 10834817728               /root/miniconda/envs/python310_torch29_cuda/lib/python3.10/site-packages/torch_xmlir/xre/so/libxpurt.so.2
loaded_map=78126f03d000-78126f03e000 r--p 0003d000 00:101 10834817728               /root/miniconda/envs/python310_torch29_cuda/lib/python3.10/site-packages/torch_xmlir/xre/so/libxpurt.so.2
loaded_map=78126f03e000-78126f03f000 rw-p 0003e000 00:101 10834817728               /root/miniconda/envs/python310_torch29_cuda/lib/python3.10/site-packages/torch_xmlir/xre/so/libxpurt.so.2
loaded_map=78126f050000-78126f05b000 r--p 00000000 00:101 37754548                  /root/miniconda/envs/python310_torch29_cuda/lib/python3.10/site-packages/torch_xmlir/libxpujitc.so
loaded_map=78126f05b000-78126f07d000 r-xp 0000b000 00:101 37754548                  /root/miniconda/envs/python310_torch29_cuda/lib/python3.10/site-packages/torch_xmlir/libxpujitc.so
loaded_map=78126f07d000-78126f082000 r--p 0002d000 00:101 37754548                  /root/miniconda/envs/python310_torch29_cuda/lib/python3.10/site-packages/torch_xmlir/libxpujitc.so
loaded_map=78126f082000-78126f083000 ---p 00032000 00:101 37754548                  /root/miniconda/envs/python310_torch29_cuda/lib/python3.10/site-packages/torch_xmlir/libxpujitc.so
loaded_map=78126f083000-78126f084000 r--p 00032000 00:101 37754548                  /root/miniconda/envs/python310_torch29_cuda/lib/python3.10/site-packages/torch_xmlir/libxpujitc.so
loaded_map=78126f084000-78126f10a000 rw-p 00033000 00:101 37754548                  /root/miniconda/envs/python310_torch29_cuda/lib/python3.10/site-packages/torch_xmlir/libxpujitc.so
loaded_map=78126f137000-78126fabb000 r--p 00000000 00:101 37754544                  /root/miniconda/envs/python310_torch29_cuda/lib/python3.10/site-packages/torch_xmlir/libxpu_blas.so
loaded_map=78126fabb000-781273637000 r-xp 00984000 00:101 37754544                  /root/miniconda/envs/python310_torch29_cuda/lib/python3.10/site-packages/torch_xmlir/libxpu_blas.so
loaded_map=781273637000-7812748fc000 r--p 04500000 00:101 37754544                  /root/miniconda/envs/python310_torch29_cuda/lib/python3.10/site-packages/torch_xmlir/libxpu_blas.so
loaded_map=7812748fc000-781274970000 r--p 057c4000 00:101 37754544                  /root/miniconda/envs/python310_torch29_cuda/lib/python3.10/site-packages/torch_xmlir/libxpu_blas.so
loaded_map=781274970000-781278372000 rw-p 05838000 00:101 37754544                  /root/miniconda/envs/python310_torch29_cuda/lib/python3.10/site-packages/torch_xmlir/libxpu_blas.so
loaded_map=78127839b000-7812aec42000 rw-p 0923a000 00:101 37754544                  /root/miniconda/envs/python310_torch29_cuda/lib/python3.10/site-packages/torch_xmlir/libxpu_blas.so
