preflight-card5-a02 0 {'status': 'passed', 'failure_stage': None, 'error': None, 'cleanup_status': 'passed', 'lease_released': True}
FP32-q1 0 {'status': 'passed', 'failure_stage': None, 'error': None, 'cleanup_status': 'passed', 'lease_released': True}
FP32-q2 0 {'status': 'passed', 'failure_stage': None, 'error': None, 'cleanup_status': 'passed', 'lease_released': True}
FP32-q3 0 {'status': 'passed', 'failure_stage': None, 'error': None, 'cleanup_status': 'passed', 'lease_released': True}
FP32-q4 0 {'status': 'passed', 'failure_stage': None, 'error': None, 'cleanup_status': 'passed', 'lease_released': True}
FP32-q5 0 {'status': 'passed', 'failure_stage': None, 'error': None, 'cleanup_status': 'passed', 'lease_released': True}
FP16-q1 0 {'status': 'passed', 'failure_stage': None, 'error': None, 'cleanup_status': 'passed', 'lease_released': True}
FP16-q2 0 {'status': 'passed', 'failure_stage': None, 'error': None, 'cleanup_status': 'passed', 'lease_released': True}
FP16-q3 0 {'status': 'passed', 'failure_stage': None, 'error': None, 'cleanup_status': 'passed', 'lease_released': True}
FP16-q4 0 {'status': 'passed', 'failure_stage': None, 'error': None, 'cleanup_status': 'passed', 'lease_released': True}
FP16-q5 0 {'status': 'passed', 'failure_stage': None, 'error': None, 'cleanup_status': 'passed', 'lease_released': True}
BF16-q1 0 {'status': 'passed', 'failure_stage': None, 'error': None, 'cleanup_status': 'passed', 'lease_released': True}
BF16-q2 0 {'status': 'passed', 'failure_stage': None, 'error': None, 'cleanup_status': 'passed', 'lease_released': True}
BF16-q3 0 {'status': 'passed', 'failure_stage': None, 'error': None, 'cleanup_status': 'passed', 'lease_released': True}
BF16-q4 0 {'status': 'passed', 'failure_stage': None, 'error': None, 'cleanup_status': 'passed', 'lease_released': True}
BF16-q5 0 {'status': 'passed', 'failure_stage': None, 'error': None, 'cleanup_status': 'passed', 'lease_released': True}
INT8-q1 0 {'status': 'passed', 'failure_stage': None, 'error': None, 'cleanup_status': 'passed', 'lease_released': True}
INT8-q2 0 {'status': 'passed', 'failure_stage': None, 'error': None, 'cleanup_status': 'passed', 'lease_released': True}
INT8-q3 0 {'status': 'passed', 'failure_stage': None, 'error': None, 'cleanup_status': 'passed', 'lease_released': True}
INT8-q4 0 {'status': 'passed', 'failure_stage': None, 'error': None, 'cleanup_status': 'passed', 'lease_released': True}
INT8-q5 0 {'status': 'passed', 'failure_stage': None, 'error': None, 'cleanup_status': 'passed', 'lease_released': True}
h2d-pageable-blocking-q1 0 {'status': 'passed', 'failure_stage': None, 'error': None, 'cleanup_status': 'passed', 'lease_released': True}
h2d-pageable-blocking-q2 0 {'status': 'passed', 'failure_stage': None, 'error': None, 'cleanup_status': 'passed', 'lease_released': True}
h2d-pageable-blocking-q3 0 {'status': 'passed', 'failure_stage': None, 'error': None, 'cleanup_status': 'passed', 'lease_released': True}
h2d-pageable-blocking-q4 0 {'status': 'passed', 'failure_stage': None, 'error': None, 'cleanup_status': 'passed', 'lease_released': True}
h2d-pageable-blocking-q5 0 {'status': 'passed', 'failure_stage': None, 'error': None, 'cleanup_status': 'passed', 'lease_released': True}
h2d-pageable-nonblocking-q1 0 {'status': 'passed', 'failure_stage': None, 'error': None, 'cleanup_status': 'passed', 'lease_released': True}
h2d-pageable-nonblocking-q2 0 {'status': 'passed', 'failure_stage': None, 'error': None, 'cleanup_status': 'passed', 'lease_released': True}
h2d-pageable-nonblocking-q3 0 {'status': 'passed', 'failure_stage': None, 'error': None, 'cleanup_status': 'passed', 'lease_released': True}
h2d-pageable-nonblocking-q4 0 {'status': 'passed', 'failure_stage': None, 'error': None, 'cleanup_status': 'passed', 'lease_released': True}
h2d-pageable-nonblocking-q5 0 {'status': 'passed', 'failure_stage': None, 'error': None, 'cleanup_status': 'passed', 'lease_released': True}
h2d-pinned-blocking-q1 0 {'status': 'passed', 'failure_stage': None, 'error': None, 'cleanup_status': 'passed', 'lease_released': True}
h2d-pinned-blocking-q2 0 {'status': 'passed', 'failure_stage': None, 'error': None, 'cleanup_status': 'passed', 'lease_released': True}
h2d-pinned-blocking-q3 0 {'status': 'passed', 'failure_stage': None, 'error': None, 'cleanup_status': 'passed', 'lease_released': True}
h2d-pinned-blocking-q4 0 {'status': 'passed', 'failure_stage': None, 'error': None, 'cleanup_status': 'passed', 'lease_released': True}
h2d-pinned-blocking-q5 0 {'status': 'passed', 'failure_stage': None, 'error': None, 'cleanup_status': 'passed', 'lease_released': True}
h2d-pinned-nonblocking-q1 0 {'status': 'passed', 'failure_stage': None, 'error': None, 'cleanup_status': 'passed', 'lease_released': True}
h2d-pinned-nonblocking-q2 0 {'status': 'passed', 'failure_stage': None, 'error': None, 'cleanup_status': 'passed', 'lease_released': True}
h2d-pinned-nonblocking-q3 0 {'status': 'passed', 'failure_stage': None, 'error': None, 'cleanup_status': 'passed', 'lease_released': True}
h2d-pinned-nonblocking-q4 0 {'status': 'passed', 'failure_stage': None, 'error': None, 'cleanup_status': 'passed', 'lease_released': True}
h2d-pinned-nonblocking-q5 0 {'status': 'passed', 'failure_stage': None, 'error': None, 'cleanup_status': 'passed', 'lease_released': True}
d2h-pageable-blocking-q1 0 {'status': 'passed', 'failure_stage': None, 'error': None, 'cleanup_status': 'passed', 'lease_released': True}
d2h-pageable-blocking-q2 0 {'status': 'passed', 'failure_stage': None, 'error': None, 'cleanup_status': 'passed', 'lease_released': True}
d2h-pageable-blocking-q3 0 {'status': 'passed', 'failure_stage': None, 'error': None, 'cleanup_status': 'passed', 'lease_released': True}
d2h-pageable-blocking-q4 0 {'status': 'passed', 'failure_stage': None, 'error': None, 'cleanup_status': 'passed', 'lease_released': True}
d2h-pageable-blocking-q5 0 {'status': 'passed', 'failure_stage': None, 'error': None, 'cleanup_status': 'passed', 'lease_released': True}
d2h-pageable-nonblocking-q1 0 {'status': 'passed', 'failure_stage': None, 'error': None, 'cleanup_status': 'passed', 'lease_released': True}
d2h-pageable-nonblocking-q2 0 {'status': 'passed', 'failure_stage': None, 'error': None, 'cleanup_status': 'passed', 'lease_released': True}
d2h-pageable-nonblocking-q3 0 {'status': 'passed', 'failure_stage': None, 'error': None, 'cleanup_status': 'passed', 'lease_released': True}
d2h-pageable-nonblocking-q4 0 {'status': 'passed', 'failure_stage': None, 'error': None, 'cleanup_status': 'passed', 'lease_released': True}
d2h-pageable-nonblocking-q5 0 {'status': 'passed', 'failure_stage': None, 'error': None, 'cleanup_status': 'passed', 'lease_released': True}
d2h-pinned-blocking-q1 0 {'status': 'passed', 'failure_stage': None, 'error': None, 'cleanup_status': 'passed', 'lease_released': True}
d2h-pinned-blocking-q2 0 {'status': 'passed', 'failure_stage': None, 'error': None, 'cleanup_status': 'passed', 'lease_released': True}
d2h-pinned-blocking-q3 0 {'status': 'passed', 'failure_stage': None, 'error': None, 'cleanup_status': 'passed', 'lease_released': True}
d2h-pinned-blocking-q4 0 {'status': 'passed', 'failure_stage': None, 'error': None, 'cleanup_status': 'passed', 'lease_released': True}
d2h-pinned-blocking-q5 0 {'status': 'passed', 'failure_stage': None, 'error': None, 'cleanup_status': 'passed', 'lease_released': True}
d2h-pinned-nonblocking-q1 0 {'status': 'passed', 'failure_stage': None, 'error': None, 'cleanup_status': 'passed', 'lease_released': True}
d2h-pinned-nonblocking-q2 0 {'status': 'passed', 'failure_stage': None, 'error': None, 'cleanup_status': 'passed', 'lease_released': True}
d2h-pinned-nonblocking-q3 0 {'status': 'passed', 'failure_stage': None, 'error': None, 'cleanup_status': 'passed', 'lease_released': True}
d2h-pinned-nonblocking-q4 0 {'status': 'passed', 'failure_stage': None, 'error': None, 'cleanup_status': 'passed', 'lease_released': True}
d2h-pinned-nonblocking-q5 0 {'status': 'passed', 'failure_stage': None, 'error': None, 'cleanup_status': 'passed', 'lease_released': True}
memory-bandwidth-q1 0 {'status': 'passed', 'failure_stage': None, 'error': None, 'cleanup_status': 'passed', 'lease_released': True}
memory-bandwidth-q2 0 {'status': 'passed', 'failure_stage': None, 'error': None, 'cleanup_status': 'passed', 'lease_released': True}
memory-bandwidth-q3 0 {'status': 'passed', 'failure_stage': None, 'error': None, 'cleanup_status': 'passed', 'lease_released': True}
memory-bandwidth-q4 0 {'status': 'passed', 'failure_stage': None, 'error': None, 'cleanup_status': 'passed', 'lease_released': True}
memory-bandwidth-q5 0 {'status': 'passed', 'failure_stage': None, 'error': None, 'cleanup_status': 'passed', 'lease_released': True}
capacity 2 {'status': 'partial', 'failure_stage': None, 'error': None, 'cleanup_status': 'passed', 'lease_released': True}
FP32-ab-off-1 2 {'status': 'partial', 'failure_stage': None, 'error': None, 'cleanup_status': 'passed', 'lease_released': True}
FP32-ab-on-1 0 {'status': 'passed', 'failure_stage': None, 'error': None, 'cleanup_status': 'passed', 'lease_released': True}
FP32-ab-off-2 2 {'status': 'partial', 'failure_stage': None, 'error': None, 'cleanup_status': 'passed', 'lease_released': True}
FP32-ab-on-2 0 {'status': 'passed', 'failure_stage': None, 'error': None, 'cleanup_status': 'passed', 'lease_released': True}
FP32-ab-off-3 2 {'status': 'partial', 'failure_stage': None, 'error': None, 'cleanup_status': 'passed', 'lease_released': True}
FP32-ab-on-3 0 {'status': 'passed', 'failure_stage': None, 'error': None, 'cleanup_status': 'passed', 'lease_released': True}
FP16-ab-off-1 2 {'status': 'partial', 'failure_stage': None, 'error': None, 'cleanup_status': 'passed', 'lease_released': True}
FP16-ab-on-1 0 {'status': 'passed', 'failure_stage': None, 'error': None, 'cleanup_status': 'passed', 'lease_released': True}
FP16-ab-off-2 2 {'status': 'partial', 'failure_stage': None, 'error': None, 'cleanup_status': 'passed', 'lease_released': True}
FP16-ab-on-2 0 {'status': 'passed', 'failure_stage': None, 'error': None, 'cleanup_status': 'passed', 'lease_released': True}
FP16-ab-off-3 2 {'status': 'partial', 'failure_stage': None, 'error': None, 'cleanup_status': 'passed', 'lease_released': True}
FP16-ab-on-3 0 {'status': 'passed', 'failure_stage': None, 'error': None, 'cleanup_status': 'passed', 'lease_released': True}
h2d-pinned-ab-off-1 0 {'status': 'passed', 'failure_stage': None, 'error': None, 'cleanup_status': 'passed', 'lease_released': True}
h2d-pinned-ab-on-1 0 {'status': 'passed', 'failure_stage': None, 'error': None, 'cleanup_status': 'passed', 'lease_released': True}
h2d-pinned-ab-off-2 0 {'status': 'passed', 'failure_stage': None, 'error': None, 'cleanup_status': 'passed', 'lease_released': True}
h2d-pinned-ab-on-2 0 {'status': 'passed', 'failure_stage': None, 'error': None, 'cleanup_status': 'passed', 'lease_released': True}
h2d-pinned-ab-off-3 0 {'status': 'passed', 'failure_stage': None, 'error': None, 'cleanup_status': 'passed', 'lease_released': True}
h2d-pinned-ab-on-3 0 {'status': 'passed', 'failure_stage': None, 'error': None, 'cleanup_status': 'passed', 'lease_released': True}
DAY7-BATCH-COMPLETE
