/home/kzhang519/Zhiyu/runtime-team/FlagPerf/base/result/p800-pr1-20260920-162724/cpu-test-venv/lib/python3.12/site-packages/torch/_subclasses/functional_tensor.py:295: UserWarning: Failed to initialize NumPy: No module named 'numpy' (Triggered internally at ../torch/csrc/utils/tensor_numpy.cpp:84.)
  cpu = _conversion_method_template(device=torch.device("cpu"))
test_bootstrap_does_not_touch_other_vendors (test_ascend_benchmark_adapter.AscendAdapterTest.test_bootstrap_does_not_touch_other_vendors) ... ok
test_bootstrap_imports_torch_fl_for_ascend (test_ascend_benchmark_adapter.AscendAdapterTest.test_bootstrap_imports_torch_fl_for_ascend) ... ok
test_device_is_explicit_flagos_local_rank (test_ascend_benchmark_adapter.AscendAdapterTest.test_device_is_explicit_flagos_local_rank) ... ok
test_host_device_sync_uses_flagos (test_ascend_benchmark_adapter.AscendAdapterTest.test_host_device_sync_uses_flagos) ... ok
test_multi_device_sync_keeps_control_barrier (test_ascend_benchmark_adapter.AscendAdapterTest.test_multi_device_sync_keeps_control_barrier) ... ok
test_ascend_contract_routes_flagos_through_communication_profile (test_ascend_p2p_flagcx.AscendP2PCaseTest.test_ascend_contract_routes_flagos_through_communication_profile) ... ok
test_case_preserves_blocking_send_and_legacy_formula (test_ascend_p2p_flagcx.AscendP2PCaseTest.test_case_preserves_blocking_send_and_legacy_formula) ... ok
test_acl_event_gate_requires_timeline_failure_and_sync_success (test_ascend_p2p_flagcx.FlagCXQualificationRunnerTest.test_acl_event_gate_requires_timeline_failure_and_sync_success) ... ok
test_container_absence_rejects_daemon_failures (test_ascend_p2p_flagcx.FlagCXQualificationRunnerTest.test_container_absence_rejects_daemon_failures) ... ok
test_fault_gate_commands_mount_the_snapshot (test_ascend_p2p_flagcx.FlagCXQualificationRunnerTest.test_fault_gate_commands_mount_the_snapshot) ... ok
test_hung_p2p_gate_requires_a_real_observation_interval (test_ascend_p2p_flagcx.FlagCXQualificationRunnerTest.test_hung_p2p_gate_requires_a_real_observation_interval) ... ok
test_hung_p2p_gate_requires_real_waiters_and_cleanup (test_ascend_p2p_flagcx.FlagCXQualificationRunnerTest.test_hung_p2p_gate_requires_real_waiters_and_cleanup) ... ok
test_peer_failure_gate_requires_both_ranks_and_fail_fast (test_ascend_p2p_flagcx.FlagCXQualificationRunnerTest.test_peer_failure_gate_requires_both_ranks_and_fail_fast) ... ok
test_rank_record_parser_ignores_diagnostics_and_validates_both_ranks (test_ascend_p2p_flagcx.FlagCXQualificationRunnerTest.test_rank_record_parser_ignores_diagnostics_and_validates_both_ranks) ... ok
test_rank_record_validation_rejects_non_flagcx_inner_backend (test_ascend_p2p_flagcx.FlagCXQualificationRunnerTest.test_rank_record_validation_rejects_non_flagcx_inner_backend) ... ok
test_timeout_cleanup_gate_is_deterministic_and_fail_closed (test_ascend_p2p_flagcx.FlagCXQualificationRunnerTest.test_timeout_cleanup_gate_is_deterministic_and_fail_closed) ... ok
test_build_contract_is_pinned_and_excludes_torch_npu (test_ascend_p2p_flagcx.FlagCXRuntimeControlTest.test_build_contract_is_pinned_and_excludes_torch_npu) ... ok
test_default_runtime_is_rejected_for_p2p (test_ascend_p2p_flagcx.FlagCXRuntimeControlTest.test_default_runtime_is_rejected_for_p2p) ... ok
test_formal_environment_includes_hccl_initialization_control (test_ascend_p2p_flagcx.FlagCXRuntimeControlTest.test_formal_environment_includes_hccl_initialization_control) ... ok
test_formal_plan_records_validated_lock_without_candidate_permission (test_ascend_p2p_flagcx.FlagCXRuntimeControlTest.test_formal_plan_records_validated_lock_without_candidate_permission) ... ok
test_formal_plan_rejects_any_rank_count_other_than_two (test_ascend_p2p_flagcx.FlagCXRuntimeControlTest.test_formal_plan_rejects_any_rank_count_other_than_two) ... ok
test_formal_plan_rejects_modified_smoke_config (test_ascend_p2p_flagcx.FlagCXRuntimeControlTest.test_formal_plan_rejects_modified_smoke_config) ... ok
test_formal_plan_rejects_unbounded_default_case_config (test_ascend_p2p_flagcx.FlagCXRuntimeControlTest.test_formal_plan_rejects_unbounded_default_case_config) ... ok
test_formal_runtime_is_validated_without_candidate_permission (test_ascend_p2p_flagcx.FlagCXRuntimeControlTest.test_formal_runtime_is_validated_without_candidate_permission) ... ok
test_p2p_calibration_configs_are_pinned_but_not_formal_results (test_ascend_p2p_flagcx.FlagCXRuntimeControlTest.test_p2p_calibration_configs_are_pinned_but_not_formal_results) ... ok
test_p2p_calibration_defaults_to_nonexecuting_plan (test_ascend_p2p_flagcx.FlagCXRuntimeControlTest.test_p2p_calibration_defaults_to_nonexecuting_plan) ... ok
test_p2p_calibration_rejects_config_hash_drift (test_ascend_p2p_flagcx.FlagCXRuntimeControlTest.test_p2p_calibration_rejects_config_hash_drift) ... ok
test_p2p_qualification_aggregate_enforces_variance_and_monitor_delta (test_ascend_p2p_flagcx.FlagCXRuntimeControlTest.test_p2p_qualification_aggregate_enforces_variance_and_monitor_delta) ... ok
test_p2p_qualification_plan_is_pinned_and_nonexecuting_by_default (test_ascend_p2p_flagcx.FlagCXRuntimeControlTest.test_p2p_qualification_plan_is_pinned_and_nonexecuting_by_default) ... ok
test_p2p_qualification_preserves_matrix_and_pinned_window (test_ascend_p2p_flagcx.FlagCXRuntimeControlTest.test_p2p_qualification_preserves_matrix_and_pinned_window) ... ok
test_p2p_qualification_rejects_missing_distributable_evidence (test_ascend_p2p_flagcx.FlagCXRuntimeControlTest.test_p2p_qualification_rejects_missing_distributable_evidence) ... ok
test_p2p_qualification_rejects_scope_and_threshold_changes (test_ascend_p2p_flagcx.FlagCXRuntimeControlTest.test_p2p_qualification_rejects_scope_and_threshold_changes) ... ok
test_p2p_qualification_rejects_window_below_protocol_minimum (test_ascend_p2p_flagcx.FlagCXRuntimeControlTest.test_p2p_qualification_rejects_window_below_protocol_minimum) ... ok
test_p2p_resume_preserves_failure_and_reaudits_completed_runs (test_ascend_p2p_flagcx.FlagCXRuntimeControlTest.test_p2p_resume_preserves_failure_and_reaudits_completed_runs) ... ok
test_p2p_topology_parser_uses_explicit_matrix_direction (test_ascend_p2p_flagcx.FlagCXRuntimeControlTest.test_p2p_topology_parser_uses_explicit_matrix_direction) ... ok
test_ascend_configs_declare_blocking_pinned_copy_semantics (test_ascend_transfer_benchmarks.AscendTransferBenchmarkTest.test_ascend_configs_declare_blocking_pinned_copy_semantics) ... ok
test_capacity_wait_override_preserves_oom_search (test_ascend_transfer_benchmarks.AscendTransferBenchmarkTest.test_capacity_wait_override_preserves_oom_search) ... ok
test_d2d_preserves_clone_workload_and_uses_adapter_device (test_ascend_transfer_benchmarks.AscendTransferBenchmarkTest.test_d2d_preserves_clone_workload_and_uses_adapter_device) ... ok
test_d2h_reuses_pinned_destination (test_ascend_transfer_benchmarks.AscendTransferBenchmarkTest.test_d2h_reuses_pinned_destination) ... ok
test_h2d_reuses_destination_and_pinned_source (test_ascend_transfer_benchmarks.AscendTransferBenchmarkTest.test_h2d_reuses_destination_and_pinned_source) ... ok
test_current_ascend_transfer_cases_use_generic_entrypoint (test_benchmark_entrypoint_routing.BenchmarkEntrypointRoutingTest.test_current_ascend_transfer_cases_use_generic_entrypoint) ... ok
test_direct_vendor_config_can_use_generic_entrypoint (test_benchmark_entrypoint_routing.BenchmarkEntrypointRoutingTest.test_direct_vendor_config_can_use_generic_entrypoint) ... ok
test_direct_vendor_entrypoint_is_preferred (test_benchmark_entrypoint_routing.BenchmarkEntrypointRoutingTest.test_direct_vendor_entrypoint_is_preferred) ... ok
test_generic_entrypoint_keeps_default_a100_layout (test_benchmark_entrypoint_routing.BenchmarkEntrypointRoutingTest.test_generic_entrypoint_keeps_default_a100_layout) ... ok
test_allreduce_checks_nonzero_sum_and_keeps_timed_values_finite (test_benchmark_failure_fixes.FailureFixTests.test_allreduce_checks_nonzero_sum_and_keeps_timed_values_finite) ... ok
test_allreduce_rejects_operator_runtime_before_launch (test_benchmark_failure_fixes.FailureFixTests.test_allreduce_rejects_operator_runtime_before_launch) ... ok
test_allreduce_rejects_wrong_nonzero_sum (test_benchmark_failure_fixes.FailureFixTests.test_allreduce_rejects_wrong_nonzero_sum) ... ok
test_allreduce_requires_multiple_ranks_but_allows_four (test_benchmark_failure_fixes.FailureFixTests.test_allreduce_requires_multiple_ranks_but_allows_four) ... ok
test_capacity_does_not_swallow_device_errors_or_report_zero_as_success (test_benchmark_failure_fixes.FailureFixTests.test_capacity_does_not_swallow_device_errors_or_report_zero_as_success) ... ok
test_capacity_hint_bounds_attempts_without_reporting_queried_capacity (test_benchmark_failure_fixes.FailureFixTests.test_capacity_hint_bounds_attempts_without_reporting_queried_capacity) ... ok
test_capacity_recovers_from_locked_allocator_error (test_benchmark_failure_fixes.FailureFixTests.test_capacity_recovers_from_locked_allocator_error) ... ok
test_hbm_query_failures_propagate_and_zero_free_still_attempts_one_mib (test_benchmark_failure_fixes.FailureFixTests.test_hbm_query_failures_propagate_and_zero_free_still_attempts_one_mib) ... ok
test_unsupported_cases_skip_before_docker_or_devices (test_benchmark_failure_fixes.FailureFixTests.test_unsupported_cases_skip_before_docker_or_devices) ... ok
test_finalization_permission_error_is_monitor_only (test_benchmark_monitor.MonitorContractTests.test_finalization_permission_error_is_monitor_only) ... ok
test_finalize_passes_only_with_exact_rank_window_and_ten_samples (test_benchmark_monitor.MonitorContractTests.test_finalize_passes_only_with_exact_rank_window_and_ten_samples) ... ok
test_missing_rank_event_is_partial_without_cross_device_substitution (test_benchmark_monitor.MonitorContractTests.test_missing_rank_event_is_partial_without_cross_device_substitution) ... ok
test_monitor_off_summary_is_independent_and_not_run (test_benchmark_monitor.MonitorContractTests.test_monitor_off_summary_is_independent_and_not_run) ... ok
test_monitor_targets_are_resolved_from_live_preflight_map (test_benchmark_monitor.MonitorContractTests.test_monitor_targets_are_resolved_from_live_preflight_map) ... ok
test_benchmark_parser_keeps_five_label_addressed_fields (test_benchmark_monitor.ParserAndEventTests.test_benchmark_parser_keeps_five_label_addressed_fields) ... ok
test_current_ascend_cases_emit_exact_measurement_windows (test_benchmark_monitor.ParserAndEventTests.test_current_ascend_cases_emit_exact_measurement_windows) ... ok
test_host_prepares_one_sticky_per_run_event_exchange (test_benchmark_monitor.ParserAndEventTests.test_host_prepares_one_sticky_per_run_event_exchange) ... ok
test_measurement_event_is_noop_when_monitoring_is_disabled (test_benchmark_monitor.ParserAndEventTests.test_measurement_event_is_noop_when_monitoring_is_disabled) ... ok
test_measurement_event_writes_one_atomic_rank_window (test_benchmark_monitor.ParserAndEventTests.test_measurement_event_writes_one_atomic_rank_window) ... ok
test_worker_event_writer_uses_host_readable_mode (test_benchmark_monitor.ParserAndEventTests.test_worker_event_writer_uses_host_readable_mode) ... ok
test_actual_worker_consumes_contract_and_sourced_environment (test_case_assets.CaseAssetsTests.test_actual_worker_consumes_contract_and_sourced_environment) ... ok
test_all_layers_and_actual_case_consumer_agree (test_case_assets.CaseAssetsTests.test_all_layers_and_actual_case_consumer_agree) ... ok
test_entrypoint_falls_back_through_vendor_before_generic (test_case_assets.CaseAssetsTests.test_entrypoint_falls_back_through_vendor_before_generic) ... ok
test_legacy_ascend_cases_now_have_explicit_contracts (test_case_assets.CaseAssetsTests.test_legacy_ascend_cases_now_have_explicit_contracts) ... ok
test_missing_and_malformed_contracts_fail_closed (test_case_assets.CaseAssetsTests.test_missing_and_malformed_contracts_fail_closed) ... ok
test_no_implicit_a100_for_new_vendor (test_case_assets.CaseAssetsTests.test_no_implicit_a100_for_new_vendor) ... ok
test_traversal_and_symlink_escape_are_rejected (test_case_assets.CaseAssetsTests.test_traversal_and_symlink_escape_are_rejected) ... ok
test_unsupported_is_a_contract_and_cannot_be_relaxed (test_case_assets.CaseAssetsTests.test_unsupported_is_a_contract_and_cannot_be_relaxed) ... ok
test_executor_snapshots_exact_case_configuration (test_generate_benchmark_report.BenchmarkReportTests.test_executor_snapshots_exact_case_configuration) ... ok
test_failed_report_is_still_generated_without_metric_assets (test_generate_benchmark_report.BenchmarkReportTests.test_failed_report_is_still_generated_without_metric_assets) ... ok
test_missing_result_artifact_produces_honest_failure_report (test_generate_benchmark_report.BenchmarkReportTests.test_missing_result_artifact_produces_honest_failure_report) ... ok
test_monitor_report_keeps_raw_values_windows_and_svg (test_generate_benchmark_report.BenchmarkReportTests.test_monitor_report_keeps_raw_values_windows_and_svg) ... ok
test_partial_report_explains_missing_rank_without_changing_status (test_generate_benchmark_report.BenchmarkReportTests.test_partial_report_explains_missing_rank_without_changing_status) ... ok
test_passed_report_is_human_readable_linked_and_deterministic (test_generate_benchmark_report.BenchmarkReportTests.test_passed_report_is_human_readable_linked_and_deterministic) ... ok
test_unknown_future_monitor_schema_fails_closed (test_generate_benchmark_report.BenchmarkReportTests.test_unknown_future_monitor_schema_fails_closed) ... ok
test_unknown_future_result_schema_fails_closed_and_preserves_experiment (test_generate_benchmark_report.BenchmarkReportTests.test_unknown_future_result_schema_fails_closed_and_preserves_experiment) ... ok
test_exception_propagates_and_stops_thread (test_progress.ProgressTests.test_exception_propagates_and_stops_thread) ... ok
test_ordered_cases_and_partial_line (test_progress.ProgressTests.test_ordered_cases_and_partial_line) ... ok
test_runner_publishes_actual_case_sequence (test_progress.ProgressTests.test_runner_publishes_actual_case_sequence) ... ok
test_silent_benchmark_heartbeat_and_cleanup (test_progress.ProgressTests.test_silent_benchmark_heartbeat_and_cleanup) ... ok
test_minimum_and_newer_versions (test_toolkit_version.ToolBoxVersionTests.test_minimum_and_newer_versions) ... ok
test_old_prerelease_and_unknown_versions (test_toolkit_version.ToolBoxVersionTests.test_old_prerelease_and_unknown_versions) ... ok
test_rejection_stops_before_preflight_or_container (test_toolkit_version.ToolBoxVersionTests.test_rejection_stops_before_preflight_or_container) ... ok
test_benchmark_worker_builds_argv_without_shell_string (test_unified_base_entrypoint.ResourceAndWorkerTests.test_benchmark_worker_builds_argv_without_shell_string) ... ok
test_device_lease_is_exclusive_and_recoverable (test_unified_base_entrypoint.ResourceAndWorkerTests.test_device_lease_is_exclusive_and_recoverable) ... ok
test_runtime_identity_fails_closed_on_image_id_drift (test_unified_base_entrypoint.ResourceAndWorkerTests.test_runtime_identity_fails_closed_on_image_id_drift) ... ok
test_benchmark_result_parser_requires_every_rank (test_unified_base_entrypoint.ResultContractTests.test_benchmark_result_parser_requires_every_rank) ... ok
test_report_generation_does_not_change_experiment_status (test_unified_base_entrypoint.ResultContractTests.test_report_generation_does_not_change_experiment_status) ... ok
test_requested_monitor_gap_is_partial_but_measurement_failure_is_fatal (test_unified_base_entrypoint.ResultContractTests.test_requested_monitor_gap_is_partial_but_measurement_failure_is_fatal) ... ok
test_benchmark_monitor_can_be_explicitly_disabled (test_unified_base_entrypoint.UnifiedFacadeTests.test_benchmark_monitor_can_be_explicitly_disabled) ... ok
test_benchmark_static_dry_run_has_no_runtime_side_effect (test_unified_base_entrypoint.UnifiedFacadeTests.test_benchmark_static_dry_run_has_no_runtime_side_effect) ... ok
test_benchmark_static_dry_run_requires_explicit_selection (test_unified_base_entrypoint.UnifiedFacadeTests.test_benchmark_static_dry_run_requires_explicit_selection) ... ok
test_high_risk_benchmark_requires_separate_authorization (test_unified_base_entrypoint.UnifiedFacadeTests.test_high_risk_benchmark_requires_separate_authorization) ... ok
test_no_argument_entry_is_safe_and_does_not_run_legacy_cluster (test_unified_base_entrypoint.UnifiedFacadeTests.test_no_argument_entry_is_safe_and_does_not_run_legacy_cluster) ... ok
test_toolkit_static_dry_run_uses_separate_permissions (test_unified_base_entrypoint.UnifiedFacadeTests.test_toolkit_static_dry_run_uses_separate_permissions) ... ok
test_dry_run_has_no_runtime_or_file_side_effect (test_vendor_execution.VendorExecutionTests.test_dry_run_has_no_runtime_or_file_side_effect) ... ok
test_fixture_execution_uses_provider_and_records_bindings (test_vendor_execution.VendorExecutionTests.test_fixture_execution_uses_provider_and_records_bindings) ... [Benchmark] running | case 1/1: example:Chip | case elapsed=0.0s | completed=0/1 | elapsed=0.0s
[Benchmark] container-exited (code=0) | case 1/1: example:Chip | case elapsed=0.0s | completed=1/1 | elapsed=0.0s
ok
test_missing_contract_is_not_a_successful_skip (test_vendor_execution.VendorExecutionTests.test_missing_contract_is_not_a_successful_skip) ... ok
test_missing_lock_and_candidate_identity_remain_closed (test_vendor_execution.VendorExecutionTests.test_missing_lock_and_candidate_identity_remain_closed) ... ok
test_runtime_imports_are_forbidden_during_real_cli_dry_run (test_vendor_execution.VendorExecutionTests.test_runtime_imports_are_forbidden_during_real_cli_dry_run) ... ok
test_unknown_vendor_cannot_read_another_vendors_runtime (test_vendor_execution.VendorExecutionTests.test_unknown_vendor_cannot_read_another_vendors_runtime) ... ok
test_unsupported_contract_skips_before_preflight_and_lease (test_vendor_execution.VendorExecutionTests.test_unsupported_contract_skips_before_preflight_and_lease) ... ok
test_duplicate_rank_binding_is_rejected (test_vendor_monitor_report.VendorMonitorReportTests.test_duplicate_rank_binding_is_rejected) ... ok
test_monitor_uses_explicit_binding_for_reordered_framework_devices (test_vendor_monitor_report.VendorMonitorReportTests.test_monitor_uses_explicit_binding_for_reordered_framework_devices) ... ok
test_new_report_uses_metric_units_and_measurement_windows (test_vendor_monitor_report.VendorMonitorReportTests.test_new_report_uses_metric_units_and_measurement_windows) ... ok
test_reports_cover_all_statuses_without_hardware_or_provider_lookup (test_vendor_monitor_report.VendorMonitorReportTests.test_reports_cover_all_statuses_without_hardware_or_provider_lookup) ... ok
test_bindings_separate_physical_logical_and_rank (test_vendor_registry.VendorTests.test_bindings_separate_physical_logical_and_rank) ... ok
test_new_lease_interlocks_with_legacy_and_releases_partial_acquisition (test_vendor_registry.VendorTests.test_new_lease_interlocks_with_legacy_and_releases_partial_acquisition) ... ok
test_physical_preflight_expands_in_request_order_without_rewriting_raw (test_vendor_registry.VendorTests.test_physical_preflight_expands_in_request_order_without_rewriting_raw) ... ok
test_physical_selection_preserves_request_order_and_rejects_aliases (test_vendor_registry.VendorTests.test_physical_selection_preserves_request_order_and_rejects_aliases) ... ok
test_registry_does_not_guess_unknown_vendor (test_vendor_registry.VendorTests.test_registry_does_not_guess_unknown_vendor) ... ok
test_resource_identity_conflicts_across_aliases_but_not_vendors (test_vendor_registry.VendorTests.test_resource_identity_conflicts_across_aliases_but_not_vendors) ... ok
test_runtime_path_is_contained_even_for_symlinks (test_vendor_registry.VendorTests.test_runtime_path_is_contained_even_for_symlinks) ... ok
test_shared_helpers_do_not_import_another_domains_vendor_package (test_vendor_registry.VendorTests.test_shared_helpers_do_not_import_another_domains_vendor_package) ... ok
test_unknown_driver_vendor_never_calls_cuda (test_vendor_registry.VendorTests.test_unknown_driver_vendor_never_calls_cuda) ... ok
test_unknown_environment_rejected (test_vendor_registry.VendorTests.test_unknown_environment_rejected) ... ok

----------------------------------------------------------------------
Ran 120 tests in 2.304s

OK
