{
  "schema_version": 1,
  "created_at": "2026-09-21T02:35:59.044491+00:00",
  "checks": [
    {
      "attempt": "calibration-attempt01-card6",
      "experiment_status": "passed",
      "summary_unchanged": true,
      "report_deterministic": true,
      "container_id": "49ded254703c2b08d7df1d33bc2d11b4c0c1be9c51b2dd5b67b2a6f67159922e",
      "container_absent": true,
      "tflops": 112.8799139838486,
      "elapsed_seconds": 0.077924342,
      "valid_samples": 0,
      "code_commit": "28e55dcf75b69a760247d86bf4d8634b8b219ca5",
      "worktree_clean": true
    },
    {
      "attempt": "preflight-attempt01-card6",
      "experiment_status": "passed",
      "summary_unchanged": true,
      "report_deterministic": true,
      "container_id": "3cea00b500c04c9dbdcce5740d90f8c4e58d64c2244d2a72b0b3ffb46dca5b66",
      "container_absent": true,
      "code_commit": "094a89819f12930cf4ce10a7aa9100443d2ab1ec",
      "worktree_clean": false
    },
    {
      "attempt": "qualification-attempt01-card6",
      "experiment_status": "passed",
      "summary_unchanged": true,
      "report_deterministic": true,
      "container_id": "09e565d86d1ecf16644e297203a85c0133dc8d43823d4f1cc9752bcdcf5a5366",
      "container_absent": true,
      "tflops": 113.13232647068246,
      "elapsed_seconds": 24.297025927,
      "valid_samples": 24,
      "code_commit": "7bf4c9bf5ca1c7e76dc46fd4ff05fb2b208791fd",
      "worktree_clean": true
    },
    {
      "attempt": "qualification-attempt02-card6",
      "experiment_status": "passed",
      "summary_unchanged": true,
      "report_deterministic": true,
      "container_id": "b5c3646395253fdcadfe0d6f8c9907de7e746d5e4e1a65ce12140d1c6e035acd",
      "container_absent": true,
      "tflops": 112.93051037294873,
      "elapsed_seconds": 24.340446708,
      "valid_samples": 24,
      "code_commit": "7bf4c9bf5ca1c7e76dc46fd4ff05fb2b208791fd",
      "worktree_clean": true
    },
    {
      "attempt": "qualification-attempt03-card6",
      "experiment_status": "passed",
      "summary_unchanged": true,
      "report_deterministic": true,
      "container_id": "eee34284d5f117bb20ab71e0cade61e3c4c276c6c67dd3ee0978e179332a9bac",
      "container_absent": true,
      "tflops": 113.05773712582776,
      "elapsed_seconds": 24.313055783,
      "valid_samples": 25,
      "code_commit": "7bf4c9bf5ca1c7e76dc46fd4ff05fb2b208791fd",
      "worktree_clean": true
    },
    {
      "attempt": "qualification-attempt04-card6",
      "experiment_status": "passed",
      "summary_unchanged": true,
      "report_deterministic": true,
      "container_id": "0b1d58f0700e004dac08a5ef627d0a77fbd1616cfc2f3b96d53dab1fb744eb41",
      "container_absent": true,
      "tflops": 113.1215813146914,
      "elapsed_seconds": 24.299333845,
      "valid_samples": 24,
      "code_commit": "7bf4c9bf5ca1c7e76dc46fd4ff05fb2b208791fd",
      "worktree_clean": true
    },
    {
      "attempt": "qualification-attempt05-card6",
      "experiment_status": "passed",
      "summary_unchanged": true,
      "report_deterministic": true,
      "container_id": "a7db14027ce7d702226a8af98bc1cdded3ca29518e33fd539a73d0fea1d47352",
      "container_absent": true,
      "tflops": 112.92612352409549,
      "elapsed_seconds": 24.341392263,
      "valid_samples": 25,
      "code_commit": "7bf4c9bf5ca1c7e76dc46fd4ff05fb2b208791fd",
      "worktree_clean": true
    },
    {
      "attempt": "smoke-attempt01-card6",
      "experiment_status": "passed",
      "summary_unchanged": true,
      "report_deterministic": true,
      "container_id": "6b7a337dbaa6ea44aec230e9d14e275ab6b40ea6ad3e329d3b181e0a0e7f2800",
      "container_absent": true,
      "tflops": 0.0024490970412100487,
      "elapsed_seconds": 0.000107037,
      "valid_samples": 0,
      "code_commit": "28e55dcf75b69a760247d86bf4d8634b8b219ca5",
      "worktree_clean": true
    },
    {
      "attempt": "timeout-attempt01-card6",
      "experiment_status": "failed",
      "summary_unchanged": true,
      "report_deterministic": true,
      "container_id": "37d3b81b8be785f4aae669577ccb553e75396de1edb3470bb52aba274036852c",
      "container_absent": true,
      "code_commit": "7bf4c9bf5ca1c7e76dc46fd4ff05fb2b208791fd",
      "worktree_clean": true
    }
  ],
  "lease_reacquired": true,
  "lease": {
    "backend": "flock",
    "root": "/tmp/flagperf-base-device-leases",
    "compatibility_paths": [
      "/tmp/flagperf-p800-9e24d168-db57-5cd9-8cfb-aea4ae898897.lock"
    ],
    "device_ids": [],
    "resource_keys": [
      "kunlunxin/9e24d168-db57-5cd9-8cfb-aea4ae898897"
    ],
    "run_id": "pr3-independent-acceptance",
    "pid": 3526533,
    "acquired_at": "2026-09-21T02:35:56.097975Z"
  },
  "final_idle_status": "passed",
  "controlled_timeout_cleanup": "passed",
  "qualification_status": "passed",
  "status": "passed"
}
{
  "schema_version": 1,
  "status": "passed",
  "runs": [
    {
      "directory": "/home/kzhang519/Zhiyu/runtime-team/FlagPerf/base/result/p800-pr3-20260921-1011/qualification-attempt01-card6",
      "run_id": "benchmark-50176487411e49928c75bb002dadb4da",
      "tflops": 113.13232647068246,
      "elapsed_seconds": 24.297025927,
      "summary_sha256": "55596e20022ddd15823a4f774348d267859185de24bedb12da979984073fded3"
    },
    {
      "directory": "/home/kzhang519/Zhiyu/runtime-team/FlagPerf/base/result/p800-pr3-20260921-1011/qualification-attempt02-card6",
      "run_id": "benchmark-68e37dd3b46f4b67a6f6c7a93f60fe51",
      "tflops": 112.93051037294873,
      "elapsed_seconds": 24.340446708,
      "summary_sha256": "87857edea2b7857d0dfcad79daae2195ccac1b38663aece429e17a968db2bec7"
    },
    {
      "directory": "/home/kzhang519/Zhiyu/runtime-team/FlagPerf/base/result/p800-pr3-20260921-1011/qualification-attempt03-card6",
      "run_id": "benchmark-e7495c9f420540f481202d630b42b584",
      "tflops": 113.05773712582776,
      "elapsed_seconds": 24.313055783,
      "summary_sha256": "bbe66204e526206867e72d99f62237755a005a7463323bede489967adb018562"
    },
    {
      "directory": "/home/kzhang519/Zhiyu/runtime-team/FlagPerf/base/result/p800-pr3-20260921-1011/qualification-attempt04-card6",
      "run_id": "benchmark-999e6541a7d94b51a695eae2cc4659a7",
      "tflops": 113.1215813146914,
      "elapsed_seconds": 24.299333845,
      "summary_sha256": "f91ca599a41ebd290f3e4bcd90d62ec053f441733de0a8315df593f93e844bdc"
    },
    {
      "directory": "/home/kzhang519/Zhiyu/runtime-team/FlagPerf/base/result/p800-pr3-20260921-1011/qualification-attempt05-card6",
      "run_id": "benchmark-e5f20b59317a46f7aecd7df63aa11009",
      "tflops": 112.92612352409549,
      "elapsed_seconds": 24.341392263,
      "summary_sha256": "ca4282183e85f977a2fdcff100145089200cce5afdc3730c8e865bfdd3eed8e1"
    }
  ],
  "repetitions": 5,
  "unit": "TFLOPS",
  "median": 113.05773712582776,
  "min": 112.92612352409549,
  "max": 113.13232647068246,
  "mean": 113.03365576164917,
  "sample_standard_deviation": 0.10031061399857082,
  "ddof": 1,
  "cv_percent": 0.08874402347040153,
  "max_cv_percent": 5,
  "scope": "one physical UUID, locked M1/native FP32/config; no other dtype or communication qualification"
}
