{"name": "attempt03-base", "command": ["/home/kzhang519/Zhiyu/runtime-team/FlagPerf/base/result/p800-pr1-20260920-162724/cpu-test-venv/bin/python", "-B", "-m", "unittest", "discover", "-s", "base/tests", "-p", "test_*.py", "-v"], "exit_code": 0, "test_count": 173}
{"name": "attempt03-pr0", "command": ["python3", "-S", "-B", "-m", "unittest", "discover", "-s", "base/vendors/kunlunxin/xpytorch_2.9_p800_candidate", "-p", "test_*.py", "-v"], "exit_code": 0, "test_count": 32}
{"name": "attempt03-toolkit", "command": ["python3", "-B", "-m", "unittest", "discover", "-s", "base/toolkits/_common/ascend/A3/tests", "-v"], "exit_code": 0, "test_count": 80}
{"name": "attempt03-bootstrap", "command": ["bash", "-n", "base/vendors/kunlunxin/runtime_bootstrap.sh"], "exit_code": 0}
{"name": "attempt03-whitespace", "command": ["git", "diff", "--check"], "exit_code": 0}
{"name": "attempt03-dry-computation-BF16", "command": ["python3", "-B", "base/run.py", "benchmark", "run", "--case", "computation-BF16", "--dry-run", "--config", "base/configs/ascend910_cann9_local.yaml", "--device-ids", "14", "--nproc-per-node", "1"], "exit_code": 0}
{"name": "attempt03-dry-computation-FP16", "command": ["python3", "-B", "base/run.py", "benchmark", "run", "--case", "computation-FP16", "--dry-run", "--config", "base/configs/ascend910_cann9_local.yaml", "--device-ids", "14", "--nproc-per-node", "1"], "exit_code": 0}
{"name": "attempt03-dry-computation-FP32", "command": ["python3", "-B", "base/run.py", "benchmark", "run", "--case", "computation-FP32", "--dry-run", "--config", "base/configs/ascend910_cann9_local.yaml", "--device-ids", "14", "--nproc-per-node", "1"], "exit_code": 0}
{"name": "attempt03-dry-computation-FP64", "command": ["python3", "-B", "base/run.py", "benchmark", "run", "--case", "computation-FP64", "--dry-run", "--config", "base/configs/ascend910_cann9_local.yaml", "--device-ids", "14", "--nproc-per-node", "1"], "exit_code": 0}
{"name": "attempt03-dry-computation-FP8", "command": ["python3", "-B", "base/run.py", "benchmark", "run", "--case", "computation-FP8", "--dry-run", "--config", "base/configs/ascend910_cann9_local.yaml", "--device-ids", "14", "--nproc-per-node", "1"], "exit_code": 0}
{"name": "attempt03-dry-computation-INT8", "command": ["python3", "-B", "base/run.py", "benchmark", "run", "--case", "computation-INT8", "--dry-run", "--config", "base/configs/ascend910_cann9_local.yaml", "--device-ids", "14", "--nproc-per-node", "1"], "exit_code": 0}
{"name": "attempt03-dry-computation-TF32", "command": ["python3", "-B", "base/run.py", "benchmark", "run", "--case", "computation-TF32", "--dry-run", "--config", "base/configs/ascend910_cann9_local.yaml", "--device-ids", "14", "--nproc-per-node", "1"], "exit_code": 0}
{"name": "attempt03-dry-interconnect-MPI_interserver", "command": ["python3", "-B", "base/run.py", "benchmark", "run", "--case", "interconnect-MPI_interserver", "--dry-run", "--config", "base/configs/ascend910_cann9_local.yaml", "--device-ids", "14", "--nproc-per-node", "1"], "exit_code": 0}
{"name": "attempt03-dry-interconnect-MPI_intraserver", "command": ["python3", "-B", "base/run.py", "benchmark", "run", "--case", "interconnect-MPI_intraserver", "--dry-run", "--config", "base/configs/ascend910_cann9_p2p.yaml", "--device-ids", "14,15", "--nproc-per-node", "2"], "exit_code": 0}
{"name": "attempt03-dry-interconnect-P2P_interserver", "command": ["python3", "-B", "base/run.py", "benchmark", "run", "--case", "interconnect-P2P_interserver", "--dry-run", "--config", "base/configs/ascend910_cann9_local.yaml", "--device-ids", "14", "--nproc-per-node", "1"], "exit_code": 0}
{"name": "attempt03-dry-interconnect-P2P_intraserver", "command": ["python3", "-B", "base/run.py", "benchmark", "run", "--case", "interconnect-P2P_intraserver", "--dry-run", "--config", "base/configs/ascend910_cann9_p2p.yaml", "--device-ids", "14,15", "--nproc-per-node", "2", "--case-config", "base/benchmarks/interconnect-P2P_intraserver/ascend/case_config.smoke.yaml"], "exit_code": 0}
{"name": "attempt03-dry-interconnect-d2h", "command": ["python3", "-B", "base/run.py", "benchmark", "run", "--case", "interconnect-d2h", "--dry-run", "--config", "base/configs/ascend910_cann9_local.yaml", "--device-ids", "14", "--nproc-per-node", "1"], "exit_code": 0}
{"name": "attempt03-dry-interconnect-h2d", "command": ["python3", "-B", "base/run.py", "benchmark", "run", "--case", "interconnect-h2d", "--dry-run", "--config", "base/configs/ascend910_cann9_local.yaml", "--device-ids", "14", "--nproc-per-node", "1"], "exit_code": 0}
{"name": "attempt03-dry-main_memory-bandwidth", "command": ["python3", "-B", "base/run.py", "benchmark", "run", "--case", "main_memory-bandwidth", "--dry-run", "--config", "base/configs/ascend910_cann9_local.yaml", "--device-ids", "14", "--nproc-per-node", "1"], "exit_code": 0}
{"name": "attempt03-dry-main_memory-capacity", "command": ["python3", "-B", "base/run.py", "benchmark", "run", "--case", "main_memory-capacity", "--dry-run", "--config", "base/configs/ascend910_cann9_local.yaml", "--device-ids", "14", "--nproc-per-node", "1", "--allow-high-risk-case"], "exit_code": 0}
{"name": "attempt03-dry-selector-physical-device-ids-on", "command": ["python3", "-B", "base/run.py", "benchmark", "run", "--case", "computation-FP32", "--physical-device-ids", "6,2", "--monitor", "on", "--dry-run"], "exit_code": 0}
{"name": "attempt03-dry-selector-physical-device-ids-off", "command": ["python3", "-B", "base/run.py", "benchmark", "run", "--case", "computation-FP32", "--physical-device-ids", "6,2", "--monitor", "off", "--dry-run"], "exit_code": 0}
{"name": "attempt03-dry-selector-npu-ids-on", "command": ["python3", "-B", "base/run.py", "benchmark", "run", "--case", "computation-FP32", "--npu-ids", "7", "--monitor", "on", "--dry-run"], "exit_code": 0}
{"name": "attempt03-dry-selector-npu-ids-off", "command": ["python3", "-B", "base/run.py", "benchmark", "run", "--case", "computation-FP32", "--npu-ids", "7", "--monitor", "off", "--dry-run"], "exit_code": 0}
{"name": "attempt03-dry-selector-device-ids-on", "command": ["python3", "-B", "base/run.py", "benchmark", "run", "--case", "computation-FP32", "--device-ids", "14", "--monitor", "on", "--dry-run"], "exit_code": 0}
{"name": "attempt03-dry-selector-device-ids-off", "command": ["python3", "-B", "base/run.py", "benchmark", "run", "--case", "computation-FP32", "--device-ids", "14", "--monitor", "off", "--dry-run"], "exit_code": 0}
{"name": "attempt03-dry-capacity-denied", "command": ["python3", "-B", "base/run.py", "benchmark", "run", "--case", "main_memory-capacity", "--device-ids", "14", "--dry-run"], "exit_code": 2}
{"name": "attempt03-dry-p800-on", "command": ["python3", "-B", "base/run.py", "benchmark", "run", "--config", "base/configs/kunlunxin_p800_xpytorch29.yaml", "--case", "computation-FP32:P800", "--physical-device-ids", "6", "--nproc-per-node", "1", "--timeout", "300", "--monitor", "on", "--dry-run"], "exit_code": 0}
{"name": "attempt03-dry-p800-off", "command": ["python3", "-B", "base/run.py", "benchmark", "run", "--config", "base/configs/kunlunxin_p800_xpytorch29.yaml", "--case", "computation-FP32:P800", "--physical-device-ids", "6", "--nproc-per-node", "1", "--timeout", "300", "--monitor", "off", "--dry-run"], "exit_code": 0}
