/home/kzhang519/Zhiyu/runtime-team/FlagPerf/base/result/p800-pr1-20260920-162724/cpu-test-venv/lib/python3.12/site-packages/torch/_subclasses/functional_tensor.py:295: UserWarning: Failed to initialize NumPy: No module named 'numpy' (Triggered internally at ../torch/csrc/utils/tensor_numpy.cpp:84.)
  cpu = _conversion_method_template(device=torch.device("cpu"))
.................................................finish initialization
start warmup
Init tensor size: 2 MiB...
Allocated: 2 MiB
Ascend allocation failed at 2 MiB; allocated=2 MiB; raw error: out of memory
Reduce tensor size to 1 MiB
Ascend allocation failed at 1 MiB; allocated=2 MiB; raw error: out of memory
Reached the 1 MiB allocation granularity, finish test.
Test Finished
Init tensor size: 2 MiB...
Allocated: 2 MiB
Ascend allocation failed at 2 MiB; allocated=2 MiB; raw error: out of memory
Reduce tensor size to 1 MiB
Ascend allocation failed at 1 MiB; allocated=2 MiB; raw error: out of memory
Reached the 1 MiB allocation granularity, finish test.
Test Finished
Ascend FP32 uses Torch-FL backend defaults; strict IEEE FP32 mode is not enforced
finish initialization
start warmup
finish initialization
start warmup
D2H transfer semantics: host_memory=pinned, api=copy_, non_blocking=False
Ascend FP32 uses Torch-FL backend defaults; strict IEEE FP32 mode is not enforced
finish initialization
start warmup
H2D transfer semantics: host_memory=pinned, api=copy_, non_blocking=False
Ascend FP32 uses Torch-FL backend defaults; strict IEEE FP32 mode is not enforced
finish initialization
Rank 0: AllReduce SUM correctness passed; expected=3
start warmup
Ascend FP32 uses Torch-FL backend defaults; strict IEEE FP32 mode is not enforced
finish initialization
Init tensor size: 1 MiB...
Init tensor size: 1 MiB...
Ascend allocation failed at 1 MiB; allocated=0 MiB; raw error: CachingDeviceAllocator: failed to allocate 4 bytes on device 0
Init tensor size: 65536 MiB...
Attempt allocation: 3 MiB; held=0 MiB
Allocated: 3 MiB
Attempt allocation: 1 MiB; held=3 MiB
..................................ERROR: runtime requirements missing for kunlunxin/computation-FP32:P800
.................................Ascend allocation failed at 1 MiB; allocated=3 MiB; raw error: CachingDeviceAllocator: failed to allocate 1048576 bytes on device 0
Reached the 1 MiB allocation granularity, finish test.
Test Finished
Init tensor size: 2 MiB...
Ascend allocation failed at 2 MiB; allocated=0 MiB; raw error: CachingDeviceAllocator: failed to allocate 2097152 bytes on device 0
Reduce tensor size to 1 MiB
Allocated: 1 MiB
Ascend allocation failed at 1 MiB; allocated=1 MiB; raw error: CachingDeviceAllocator: failed to allocate 2097152 bytes on device 0
Reached the 1 MiB allocation granularity, finish test.
Test Finished
{
  "status": "partial",
  "manifest": "/tmp/tmpahojgjym/evidence/manifest.json"
}
..................[Benchmark] running | case 1/1: example:Chip | case elapsed=0.0s | completed=0/1 | elapsed=0.0s
[Benchmark] container-exited (code=0) | case 1/1: example:Chip | case elapsed=0.0s | completed=1/1 | elapsed=0.0s
....................
----------------------------------------------------------------------
Ran 154 tests in 2.719s

OK
