native_library=/root/miniconda/envs/python310_torch29_cuda/lib/python3.10/site-packages/torch_xmlir/xre/so/libxpurt.so.2
host_memory_api=malloc
loaded_map=7c81baa00000-7c81babb1000 r-xp 00000000 00:101 10834817653               /root/miniconda/envs/python310_torch29_cuda/lib/python3.10/site-packages/torch_xmlir/xre/so/libxpucuda.so.1
loaded_map=7c81babb1000-7c81badb1000 ---p 001b1000 00:101 10834817653               /root/miniconda/envs/python310_torch29_cuda/lib/python3.10/site-packages/torch_xmlir/xre/so/libxpucuda.so.1
loaded_map=7c81badb1000-7c81badbc000 r--p 001b1000 00:101 10834817653               /root/miniconda/envs/python310_torch29_cuda/lib/python3.10/site-packages/torch_xmlir/xre/so/libxpucuda.so.1
loaded_map=7c81badbc000-7c81badbf000 rw-p 001bc000 00:101 10834817653               /root/miniconda/envs/python310_torch29_cuda/lib/python3.10/site-packages/torch_xmlir/xre/so/libxpucuda.so.1
loaded_map=7c81badd5000-7c81bafd4000 ---p 003d5000 00:101 10834817653               /root/miniconda/envs/python310_torch29_cuda/lib/python3.10/site-packages/torch_xmlir/xre/so/libxpucuda.so.1
loaded_map=7c81bafd4000-7c81bafd6000 rw-p 001d4000 00:101 10834817653               /root/miniconda/envs/python310_torch29_cuda/lib/python3.10/site-packages/torch_xmlir/xre/so/libxpucuda.so.1
loaded_map=7c81c6400000-7c81c643e000 r-xp 00000000 00:101 10834817728               /root/miniconda/envs/python310_torch29_cuda/lib/python3.10/site-packages/torch_xmlir/xre/so/libxpurt.so.2
loaded_map=7c81c643e000-7c81c663d000 ---p 0003e000 00:101 10834817728               /root/miniconda/envs/python310_torch29_cuda/lib/python3.10/site-packages/torch_xmlir/xre/so/libxpurt.so.2
loaded_map=7c81c663d000-7c81c663e000 r--p 0003d000 00:101 10834817728               /root/miniconda/envs/python310_torch29_cuda/lib/python3.10/site-packages/torch_xmlir/xre/so/libxpurt.so.2
loaded_map=7c81c663e000-7c81c663f000 rw-p 0003e000 00:101 10834817728               /root/miniconda/envs/python310_torch29_cuda/lib/python3.10/site-packages/torch_xmlir/xre/so/libxpurt.so.2
loaded_map=7c81c6681000-7c81c668c000 r--p 00000000 00:101 37754548                  /root/miniconda/envs/python310_torch29_cuda/lib/python3.10/site-packages/torch_xmlir/libxpujitc.so
loaded_map=7c81c668c000-7c81c66ae000 r-xp 0000b000 00:101 37754548                  /root/miniconda/envs/python310_torch29_cuda/lib/python3.10/site-packages/torch_xmlir/libxpujitc.so
loaded_map=7c81c66ae000-7c81c66b3000 r--p 0002d000 00:101 37754548                  /root/miniconda/envs/python310_torch29_cuda/lib/python3.10/site-packages/torch_xmlir/libxpujitc.so
loaded_map=7c81c66b3000-7c81c66b4000 ---p 00032000 00:101 37754548                  /root/miniconda/envs/python310_torch29_cuda/lib/python3.10/site-packages/torch_xmlir/libxpujitc.so
loaded_map=7c81c66b4000-7c81c66b5000 r--p 00032000 00:101 37754548                  /root/miniconda/envs/python310_torch29_cuda/lib/python3.10/site-packages/torch_xmlir/libxpujitc.so
loaded_map=7c81c66b5000-7c81c673b000 rw-p 00033000 00:101 37754548                  /root/miniconda/envs/python310_torch29_cuda/lib/python3.10/site-packages/torch_xmlir/libxpujitc.so
loaded_map=7c81c6768000-7c81c70ec000 r--p 00000000 00:101 37754544                  /root/miniconda/envs/python310_torch29_cuda/lib/python3.10/site-packages/torch_xmlir/libxpu_blas.so
loaded_map=7c81c70ec000-7c81cac68000 r-xp 00984000 00:101 37754544                  /root/miniconda/envs/python310_torch29_cuda/lib/python3.10/site-packages/torch_xmlir/libxpu_blas.so
loaded_map=7c81cac68000-7c81cbf2d000 r--p 04500000 00:101 37754544                  /root/miniconda/envs/python310_torch29_cuda/lib/python3.10/site-packages/torch_xmlir/libxpu_blas.so
loaded_map=7c81cbf2d000-7c81cbfa1000 r--p 057c4000 00:101 37754544                  /root/miniconda/envs/python310_torch29_cuda/lib/python3.10/site-packages/torch_xmlir/libxpu_blas.so
loaded_map=7c81cbfa1000-7c81cf9a3000 rw-p 05838000 00:101 37754544                  /root/miniconda/envs/python310_torch29_cuda/lib/python3.10/site-packages/torch_xmlir/libxpu_blas.so
loaded_map=7c81cf9cc000-7c8206273000 rw-p 0923a000 00:101 37754544                  /root/miniconda/envs/python310_torch29_cuda/lib/python3.10/site-packages/torch_xmlir/libxpu_blas.so
