XCCL /root/miniconda/envs/python310_torch29_cuda/lib/python3.10/site-packages/torch_xmlir/xccl//so/libbkcl.so loaded
[35mSYMBOL_REWRITE [0m[32mtorch success[0m
/root/miniconda/envs/python310_torch29_cuda/lib/python3.10/runpy.py:126: RuntimeWarning: 'torch.distributed.run' found in sys.modules after import of package 'torch.distributed', but prior to execution of 'torch.distributed.run'; this may result in unpredictable behaviour
  warn(RuntimeWarning(msg))

*****************************************
Setting OMP_NUM_THREADS environment variable for each process to be 1 in default, to avoid your system being overloaded, please further tune the variable for optimal performance in your application as needed. 
*****************************************
[W923 12:29:22.253805661 socket.cpp:209] [c10d] The hostname of the client socket cannot be retrieved. err=-3
rank-env BKCL_SOCKET_IFNAME= lo
rank-env BKCL_SOCKET_IFNAME= lo
XCCL /root/miniconda/envs/python310_torch29_cuda/lib/python3.10/site-packages/torch_xmlir/xccl//so/libbkcl.so loaded
XCCL /root/miniconda/envs/python310_torch29_cuda/lib/python3.10/site-packages/torch_xmlir/xccl//so/libbkcl.so loaded
[35mSYMBOL_REWRITE [0m[32mtorch success[0m
[35mSYMBOL_REWRITE [0m[32mtorch success[0m
[W923 12:29:23.816313174 socket.cpp:209] [c10d] The hostname of the client socket cannot be retrieved. err=-3
[W923 12:29:23.816746505 ProcessGroupGloo.cpp:516] Warning: Unable to resolve hostname to a (local) address. Using the loopback address as fallback. Manually set the network interface to bind to with GLOO_SOCKET_IFNAME. (function operator())
[W923 12:29:23.818825521 socket.cpp:209] [c10d] The hostname of the client socket cannot be retrieved. err=-3
[W923 12:29:23.819363400 ProcessGroupGloo.cpp:516] Warning: Unable to resolve hostname to a (local) address. Using the loopback address as fallback. Manually set the network interface to bind to with GLOO_SOCKET_IFNAME. (function operator())
[Gloo] Rank [Gloo] Rank 0 is connected to 11 is connected to  peer ranks. 1Expected number of connected peer ranks is :  peer ranks. 1Expected number of connected peer ranks is : 1

Traceback (most recent call last):
  File "/tmp/flagcx-probe.py", line 6, in <module>
    dist.init_process_group(backend="cpu:gloo,cuda:flagcx")
  File "/root/miniconda/envs/python310_torch29_cuda/lib/python3.10/site-packages/torch_xmlir/symbrewrite/plugins/torch/mock_torch.py", line 69, in mock_init_process_group
Traceback (most recent call last):
  File "/tmp/flagcx-probe.py", line 6, in <module>
    torch.distributed.__origin_init_process_group(*processed_args, **processed_kwargs)
  File "/root/miniconda/envs/python310_torch29_cuda/lib/python3.10/site-packages/torch/distributed/c10d_logger.py", line 81, in wrapper
    dist.init_process_group(backend="cpu:gloo,cuda:flagcx")
  File "/root/miniconda/envs/python310_torch29_cuda/lib/python3.10/site-packages/torch_xmlir/symbrewrite/plugins/torch/mock_torch.py", line 69, in mock_init_process_group
    return func(*args, **kwargs)
  File "/root/miniconda/envs/python310_torch29_cuda/lib/python3.10/site-packages/torch/distributed/c10d_logger.py", line 95, in wrapper
    func_return = func(*args, **kwargs)
  File "/root/miniconda/envs/python310_torch29_cuda/lib/python3.10/site-packages/torch/distributed/distributed_c10d.py", line 1769, in init_process_group
    torch.distributed.__origin_init_process_group(*processed_args, **processed_kwargs)
  File "/root/miniconda/envs/python310_torch29_cuda/lib/python3.10/site-packages/torch/distributed/c10d_logger.py", line 81, in wrapper
    return func(*args, **kwargs)
  File "/root/miniconda/envs/python310_torch29_cuda/lib/python3.10/site-packages/torch/distributed/c10d_logger.py", line 95, in wrapper
    func_return = func(*args, **kwargs)
  File "/root/miniconda/envs/python310_torch29_cuda/lib/python3.10/site-packages/torch/distributed/distributed_c10d.py", line 1769, in init_process_group
    default_pg, _ = _new_process_group_helper(
  File "/root/miniconda/envs/python310_torch29_cuda/lib/python3.10/site-packages/torch/distributed/distributed_c10d.py", line 2062, in _new_process_group_helper
    default_pg, _ = _new_process_group_helper(
  File "/root/miniconda/envs/python310_torch29_cuda/lib/python3.10/site-packages/torch/distributed/distributed_c10d.py", line 2062, in _new_process_group_helper
    backend_class = creator_fn(
torch.distributed.DistBackendError: FLAGCX error in: /env/FlagCX/plugin/torch/flagcx/src/backend_flagcx.cpp:291, 
flagcxUnhandledDeviceError: Call to Device function failed.
Last error:
Undefined: flagcxComm is not fully initialized.

During handling of the above exception, another exception occurred:

Traceback (most recent call last):
  File "/tmp/flagcx-probe.py", line 12, in <module>
    print("INIT-FAIL rank", dist.get_rank(), type(exc).__name__, str(exc)[:300], flush=True)
  File "/root/miniconda/envs/python310_torch29_cuda/lib/python3.10/site-packages/torch/distributed/distributed_c10d.py", line 2351, in get_rank
    backend_class = creator_fn(
torch.distributed.DistBackendError: FLAGCX error in: /env/FlagCX/plugin/torch/flagcx/src/backend_flagcx.cpp:291, 
flagcxUnhandledDeviceError: Call to Device function failed.
Last error:
Undefined: flagcxComm is not fully initialized.

During handling of the above exception, another exception occurred:

Traceback (most recent call last):
  File "/tmp/flagcx-probe.py", line 12, in <module>
    print("INIT-FAIL rank", dist.get_rank(), type(exc).__name__, str(exc)[:300], flush=True)
  File "/root/miniconda/envs/python310_torch29_cuda/lib/python3.10/site-packages/torch/distributed/distributed_c10d.py", line 2351, in get_rank
    default_pg = _get_default_group()
  File "/root/miniconda/envs/python310_torch29_cuda/lib/python3.10/site-packages/torch/distributed/distributed_c10d.py", line 1303, in _get_default_group
    default_pg = _get_default_group()
  File "/root/miniconda/envs/python310_torch29_cuda/lib/python3.10/site-packages/torch/distributed/distributed_c10d.py", line 1303, in _get_default_group
    raise ValueError(
ValueError: Default process group has not been initialized, please make sure to call init_process_group.
    raise ValueError(
ValueError: Default process group has not been initialized, please make sure to call init_process_group.
E0923 12:29:24.243000 1 site-packages/torch/distributed/elastic/multiprocessing/api.py:882] failed (exitcode: 1) local_rank: 0 (pid: 71) of binary: /root/miniconda/envs/python310_torch29_cuda/bin/python
Traceback (most recent call last):
  File "/root/miniconda/envs/python310_torch29_cuda/lib/python3.10/runpy.py", line 196, in _run_module_as_main
    return _run_code(code, main_globals, None,
  File "/root/miniconda/envs/python310_torch29_cuda/lib/python3.10/runpy.py", line 86, in _run_code
    exec(code, run_globals)
  File "/root/miniconda/envs/python310_torch29_cuda/lib/python3.10/site-packages/torch/distributed/run.py", line 940, in <module>
    main()
  File "/root/miniconda/envs/python310_torch29_cuda/lib/python3.10/site-packages/torch/distributed/elastic/multiprocessing/errors/__init__.py", line 357, in wrapper
    return f(*args, **kwargs)
  File "/root/miniconda/envs/python310_torch29_cuda/lib/python3.10/site-packages/torch/distributed/run.py", line 936, in main
    run(args)
  File "/root/miniconda/envs/python310_torch29_cuda/lib/python3.10/site-packages/torch/distributed/run.py", line 927, in run
    elastic_launch(
  File "/root/miniconda/envs/python310_torch29_cuda/lib/python3.10/site-packages/torch/distributed/launcher/api.py", line 156, in __call__
    return launch_agent(self._config, self._entrypoint, list(args))
  File "/root/miniconda/envs/python310_torch29_cuda/lib/python3.10/site-packages/torch/distributed/launcher/api.py", line 293, in launch_agent
    raise ChildFailedError(
torch.distributed.elastic.multiprocessing.errors.ChildFailedError: 
============================================================
/tmp/flagcx-probe.py FAILED
------------------------------------------------------------
Failures:
[1]:
  time      : 2026-09-23_12:29:24
  host      : 6b9e85dd1733
  rank      : 1 (local_rank: 1)
  exitcode  : 1 (pid: 72)
  error_file: <N/A>
  traceback : To enable traceback see: https://pytorch.org/docs/stable/elastic/errors.html
------------------------------------------------------------
Root Cause (first observed failure):
[0]:
  time      : 2026-09-23_12:29:24
  host      : 6b9e85dd1733
  rank      : 0 (local_rank: 0)
  exitcode  : 1 (pid: 71)
  error_file: <N/A>
  traceback : To enable traceback see: https://pytorch.org/docs/stable/elastic/errors.html
============================================================
