{
  "attempt_count": 19,
  "launched": 10,
  "final_idle": [
    {
      "card": 1,
      "checks": [
        {
          "attempt": 1,
          "idle": false,
          "error": "device has open handles or handle check failed"
        },
        {
          "attempt": 2,
          "idle": true
        }
      ],
      "locks_reacquired": true,
      "idle_verified": true
    },
    {
      "card": 2,
      "checks": [
        {
          "attempt": 1,
          "idle": true
        }
      ],
      "locks_reacquired": true,
      "idle_verified": true
    },
    {
      "card": 6,
      "checks": [
        {
          "attempt": 1,
          "idle": true
        }
      ],
      "locks_reacquired": true,
      "idle_verified": true
    },
    {
      "card": 7,
      "checks": [
        {
          "attempt": 1,
          "idle": true
        }
      ],
      "locks_reacquired": true,
      "idle_verified": true
    }
  ]
}
